C51 COMPILER V9.60.0.0   DELAY                                                             08/02/2022 15:03:23 PAGE 1   


C51 COMPILER V9.60.0.0, COMPILATION OF MODULE DELAY
OBJECT MODULE PLACED IN ..\Output\Delay.obj
COMPILER INVOKED BY: D:\Keil\C51\BIN\C51.EXE ..\Source\Application\Delay.c OPTIMIZE(9,SPEED) BROWSE INCDIR(..\Source\App
                    -lication;..\Source\Device_Driver;..\Source\System;D:\Keil\C51\INC\STC) DEBUG OBJECTEXTEND PRINT(.\Listings\Delay.lst) TA
                    -BS(2) OBJECT(..\Output\Delay.obj)

line level    source

   1          /******************************************************************************/
   2          // 包含头文件
   3          /******************************************************************************/
   4          #include "Config.h"
   5          #include "Delay.h"
   6          
   7          /******************************************************************************/
   8          // 函数名称：Delay5ms 
   9          // 输入参数：无
  10          // 输出参数：无 
  11          // 函数功能：5ms
  12          // 晶振频率：11.0592M
  13          /******************************************************************************/
  14          void Delay5ms()   //@11.0592MHz
  15          {
  16   1        unsigned char i, j;
  17   1      
  18   1        _nop_();
  19   1        _nop_();
  20   1        i = 54;
  21   1        j = 198;
  22   1        do
  23   1        {
  24   2          while (--j);
  25   2        } while (--i);
  26   1      }
  27          /******************************************************************************/
  28          // 函数名称：Delay15ms 
  29          // 输入参数：无
  30          // 输出参数：无 
  31          // 函数功能：15ms
  32          // 晶振频率：11.0592M
  33          /******************************************************************************/
  34          void Delay15ms()  
  35          {
  36   1        unsigned char i, j;
  37   1      
  38   1        _nop_();
  39   1        _nop_();
  40   1        i = 162;
  41   1        j = 90;
  42   1        do
  43   1        {
  44   2          while (--j);
  45   2        } while (--i);
  46   1      }
  47          
  48          /******************************************************************************/
  49          // 函数名称：Delay50ms 
  50          // 输入参数：无
  51          // 输出参数：无 
  52          // 函数功能：50ms
  53          // 晶振频率：11.0592M
C51 COMPILER V9.60.0.0   DELAY                                                             08/02/2022 15:03:23 PAGE 2   

  54          /******************************************************************************/
  55          void Delay50ms()    //@11.0592MHz
  56          {
  57   1        unsigned char i, j, k;
  58   1      
  59   1        i = 3;
  60   1        j = 26;
  61   1        k = 223;
  62   1        do
  63   1        {
  64   2          do
  65   2          {
  66   3            while (--k);
  67   3          } while (--j);
  68   2        } while (--i);
  69   1      }
  70          
  71          /******************************************************************************/
  72          // 函数名称：Delay100ms 
  73          // 输入参数：无
  74          // 输出参数：无 
  75          // 函数功能：100ms
  76          // 晶振频率：11.0592M
  77          /******************************************************************************/
  78          
  79          void Delay100ms()   //@11.0592MHz
  80          {
  81   1        unsigned char i, j, k;
  82   1      
  83   1        i = 5;
  84   1        j = 52;
  85   1        k = 195;
  86   1        do
  87   1        {
  88   2          do
  89   2          {
  90   3            while (--k);
  91   3          } while (--j);
  92   2        } while (--i);
  93   1      }
  94          
  95          /******************************************************************************/
  96          // 函数名称：Delay200ms 
  97          // 输入参数：无
  98          // 输出参数：无 
  99          // 函数功能：200ms
 100          // 晶振频率：11.0592M
 101          /******************************************************************************/
 102          /*
 103          void Delay200ms()   //@11.0592MHz
 104          {
 105            unsigned char i, j, k;
 106          
 107            i = 9;
 108            j = 104;
 109            k = 139;
 110            do
 111            {
 112              do
 113              {
 114                while (--k);
 115              } while (--j);
C51 COMPILER V9.60.0.0   DELAY                                                             08/02/2022 15:03:23 PAGE 3   

 116            } while (--i);
 117          }
 118          */
 119          
 120          /******************************************************************************/
 121          // 函数名称：Delay400ms 
 122          // 输入参数：无
 123          // 输出参数：无 
 124          // 函数功能：400ms
 125          // 晶振频率：11.0592M
 126          /******************************************************************************/
 127          /*
 128          void Delay400ms()   //@11.0592MHz
 129          {
 130            unsigned char i, j, k;
 131          
 132            i = 17;
 133            j = 208;
 134            k = 27;
 135            do
 136            {
 137              do
 138              {
 139                while (--k);
 140              } while (--j);
 141            } while (--i);
 142          }
 143          */
 144          /******************************************************************************/
 145          // 函数名称：Delay1000ms 
 146          // 输入参数：无
 147          // 输出参数：无 
 148          // 函数功能：1000ms
 149          // 晶振频率：11.0592M
 150          /******************************************************************************/
 151          void Delay1000ms()    //@11.0592MHz
 152          {
 153   1        unsigned char i, j, k;
 154   1      
 155   1        i = 43;
 156   1        j = 6;
 157   1        k = 203;
 158   1        do
 159   1        {
 160   2          do
 161   2          {
 162   3            while (--k);
 163   3          } while (--j);
 164   2        } while (--i);
 165   1      }
 166          


MODULE INFORMATION:   STATIC OVERLAYABLE
   CODE SIZE        =     61    ----
   CONSTANT SIZE    =   ----    ----
   XDATA SIZE       =   ----    ----
   PDATA SIZE       =   ----    ----
   DATA SIZE        =   ----    ----
   IDATA SIZE       =   ----    ----
   BIT SIZE         =   ----    ----
END OF MODULE INFORMATION.

C51 COMPILER V9.60.0.0   DELAY                                                             08/02/2022 15:03:23 PAGE 4   


C51 COMPILATION COMPLETE.  0 WARNING(S),  0 ERROR(S)
