C51 COMPILER V9.60.0.0   EC11                                                              07/31/2022 23:33:27 PAGE 1   


C51 COMPILER V9.60.0.0, COMPILATION OF MODULE EC11
OBJECT MODULE PLACED IN ..\Output\EC11.obj
COMPILER INVOKED BY: D:\Keil\C51\BIN\C51.EXE ..\Source\Device_Driver\EC11.c OPTIMIZE(9,SPEED) BROWSE INCDIR(..\Source\Ap
                    -plication;..\Source\Device_Driver;..\Source\System;D:\Keil\C51\INC\STC) DEBUG OBJECTEXTEND PRINT(.\Listings\EC11.lst) TA
                    -BS(2) OBJECT(..\Output\EC11.obj)

line level    source

   1          #include "Config.h"
   2          #include "EC11.h"
   3          #include "Buzzer.h"
   4          
   5          /******************************************************************************/
   6          // 变量初始化
   7          /******************************************************************************/
   8          bit PinA_LastState; //EC11 A脚上一次的电平
   9          bit PinB_LastState; //EC11 B脚上一次的电平
  10          
  11          s8 EC11_Value;     //EC11正反转表示值
  12          u8 EC11_Rate;      //EC11快慢转倍率
  13          u8 EC11_Count;     //EC11有效正/反转计数
  14          u8 TimeCounter;    //EC11用来复位快转倍率的时间计数器
  15          
  16          u8 EC11_State;    //EC11用来表示当前状态的变量
  17          
  18          extern u8 LCD1602_Show_State;
  19          
  20          extern u8 Menu_Index;
  21          extern s8 Menu_Edit_Value;
  22          extern u8 Menu_Flag;
  23          /******************************************************************************/
  24          // EC11初始化函数
  25          // 函数名称：EC11_Init
  26          // 输入参数：无
  27          // 输出参数：无 
  28          // 函数功能：初始化EC11
  29          /******************************************************************************/
  30          void EC11_Init(){
  31   1        EC11_Key = 1;
  32   1        EC11_A = 1;
  33   1        EC11_B = 1;
  34   1        
  35   1        PinA_LastState = 1;
  36   1        PinB_LastState = 1;
  37   1        
  38   1        EC11_Value = 0;  
  39   1        EC11_Rate = 1;   
  40   1        EC11_Count = 0;
  41   1        TimeCounter = 0;
  42   1        
  43   1        EC11_State = 0;
  44   1      
  45   1        
  46   1        /*外部中断0初始化*/
  47   1      //  IT0 = 1;    //设置外部中断0触发方式(1:下降沿 0:低电平)
  48   1      //  EX0 = 1;    //开启外部中断0开关
  49   1        
  50   1      }
  51          
  52          /*
  53          void EC11_Key_Down() //interrupt INTERRUPT_EXTERNAL_0
C51 COMPILER V9.60.0.0   EC11                                                              07/31/2022 23:33:27 PAGE 2   

  54          {
  55            EC11_State = 3;
  56            Buzzer_Open();
  57          }
  58          */
  59          
  60           
  61          
  62          
  63          
  64          /******************************************************************************/
  65          // EC11扫描函数
  66          // 函数名称：EC11_Scan
  67          // 输入参数：无
  68          // 输出参数：无 
  69          // 函数功能：EC11函数处理
  70          /******************************************************************************/
  71          void EC11_Scan()
  72          {
  73   1      /******************************************************************************/
  74   1      // EC11按键处理部分（以此注释向下）
  75   1      /******************************************************************************/
  76   1          static u16 key_press_time = 0; //按键按下的时间
  77   1      //    static bit Show_State = 0;
  78   1          if(EC11_Key == 0)  //当按键处于持续按下的状态
  79   1          {
  80   2            /*计量按键时间，并避免数据溢出*/
  81   2            if(++key_press_time <=0 ) {--key_press_time;}
  82   2            
  83   2            /*当按键持续按下的时间达到2S时处理的事件*/
  84   2            if(key_press_time==400){
  85   3              
  86   3              /*在不同显示状态下做出的处理*/
  87   3              //显示点阵时钟时做出的处理
  88   3              if(LCD1602_Show_State==0){  
  89   4                Menu_Index = 0;
  90   4                LCD1602_Show_State = 2;  
  91   4                
  92   4              //显示日期时间时做出的处理
  93   4              }else if(LCD1602_Show_State==1){
  94   4                Menu_Index = 0;
  95   4                LCD1602_Show_State = 2;
  96   4                
  97   4              //显示菜单界面时做出的处理
  98   4              }else if(LCD1602_Show_State==2){
  99   4                LCD1602_Show_State = 0;
 100   4        
 101   4              }
 102   3              EC11_State = 0; //清零EC11状态
 103   3              Buzzer_Open();
 104   3            }
 105   2          
 106   2          }else {  //否则处理当按键释放后
 107   2            
 108   2            /*当按下时间大于25ms并且小于2S时处理事件*/
 109   2            if(5<=key_press_time && key_press_time < 400){
 110   3              
 111   3              /*在不同显示状态下做出的处理*/
 112   3              //显示点阵时钟时做出的处理
 113   3              if(LCD1602_Show_State==0){
 114   4                LCD1602_Show_State = 1;    //切换为日期时间显示状态
 115   4                EC11_State = 0;  //清除EC11按键状态
C51 COMPILER V9.60.0.0   EC11                                                              07/31/2022 23:33:27 PAGE 3   

 116   4        
 117   4              //显示日期时间时做出的处理
 118   4              }else if(LCD1602_Show_State==1){
 119   4                LCD1602_Show_State = 0;    //切换为点阵时钟显示状态
 120   4                EC11_State = 0;  //清除EC11按键状态
 121   4                
 122   4              //显示菜单界面时做出的处理
 123   4              }else if(LCD1602_Show_State==2){
 124   4      
 125   4                EC11_State = 3;  //EC11为按键按下的状态
 126   4        
 127   4              }
 128   3              
 129   3              
 130   3              Buzzer_Open();
 131   3            }
 132   2            key_press_time=0; //按键释放且处理完毕将按下时间清零
 133   2          }
 134   1      /******************************************************************************/
 135   1      // EC11按键处理部分（以此注释向上）
 136   1      /******************************************************************************/    
 137   1      
 138   1      /******************************************************************************/
 139   1      // EC11旋转处理部分（以此注释向下）
 140   1      /******************************************************************************/
 141   1          
 142   1          /*如果时间计数器达到(5ms*100)=0.5s*/
 143   1          if(++TimeCounter == 100){
 144   2            TimeCounter = 0; //复位时间计数器
 145   2            EC11_Count = 0; //清除EC11有效(正/反)转计数
 146   2            EC11_Rate = 1;  //复位EC11快慢转倍率为1倍
 147   2          }
 148   1        
 149   1          /*EC11快慢转*/
 150   1          /*如果EC11有效(正/反)转计数达到5次*/
 151   1          if(EC11_Count > 5){  
 152   2            EC11_Rate = 10;  //设置EC11快慢转倍率为10倍
 153   2          }else{
 154   2            EC11_Rate = 1; //复位EC11快慢转倍率为1倍
 155   2          }
 156   1        
 157   1        /*当"A脚现在是低电平" 
 158   1         与 "A脚前一次是高电平" 
 159   1         与 "B脚现在是高电平"   时成立*/
 160   1        if(!EC11_A && PinA_LastState && EC11_B) {
 161   2          EC11_Value = (-1)*EC11_Rate;    //逆时针旋转  
 162   2          EC11_State = 1;  //EC11状态为1（逆时针旋转状态）
 163   2          EC11_Count++;   //EC11有效计数+1
 164   2          Buzzer_Open();
 165   2          
 166   2        /*当"B脚现在是低电平" 
 167   2         与 "B脚前一次是高电平" 
 168   2         与 "A脚现在是高电平"   时成立*/
 169   2        }else if(!EC11_B && PinB_LastState && EC11_A) {
 170   2          EC11_Value = 1*EC11_Rate;     //顺时针旋转
 171   2          EC11_State = 2; //EC11状态为2（顺时针旋转状态）
 172   2          EC11_Count++;   //EC11有效计数+1
 173   2          Buzzer_Open();
 174   2          
 175   2        }else{  
 176   2          EC11_Value = 0;
 177   2        }
C51 COMPILER V9.60.0.0   EC11                                                              07/31/2022 23:33:27 PAGE 4   

 178   1        
 179   1        /*每次循环记录AB相状态*/
 180   1        PinA_LastState = EC11_A;
 181   1        PinB_LastState = EC11_B;
 182   1        
 183   1        if(Menu_Flag==4){
 184   2          Menu_Edit_Value += EC11_Value;
 185   2        }else{
 186   2          Menu_Edit_Value = 0;
 187   2        }
 188   1        
 189   1      /******************************************************************************/
 190   1      // EC11旋转处理部分（以此注释向上）
 191   1      /******************************************************************************/  
 192   1      }
 193                 


MODULE INFORMATION:   STATIC OVERLAYABLE
   CODE SIZE        =    270    ----
   CONSTANT SIZE    =   ----    ----
   XDATA SIZE       =   ----    ----
   PDATA SIZE       =   ----    ----
   DATA SIZE        =      7    ----
   IDATA SIZE       =   ----    ----
   BIT SIZE         =      2    ----
END OF MODULE INFORMATION.


C51 COMPILATION COMPLETE.  0 WARNING(S),  0 ERROR(S)
