BL51 BANKED LINKER/LOCATER V6.22.2.0                                                    08/13/2022  23:50:26  PAGE 1


BL51 BANKED LINKER/LOCATER V6.22.2.0, INVOKED BY:
D:\KEIL\C51\BIN\BL51.EXE ..\Output\Main.obj, ..\Output\hSch51.obj, ..\Output\Delay.obj, ..\Output\Download.obj, ..\Outpu
>> t\LCD1602_Clock.obj, ..\Output\Timer.obj, ..\Output\LCD1602_Menu.obj, ..\Output\LCD1602_Show.obj, ..\Output\ESP8266.o
>> bj, ..\Output\UART.obj, ..\Output\EEPROM_Application.obj, ..\Output\LCD1602.obj, ..\Output\Relay.obj, ..\Output\EEPRO
>> M.obj, ..\Output\EC11.obj, ..\Output\Buzzer.obj TO ..\Output\Wireless_Controller PRINT (.\Listings\Wireless_Controlle
>> r.m51) RAMSIZE (256)


MEMORY MODEL: SMALL


INPUT MODULES INCLUDED:
  ..\Output\Main.obj (MAIN)
  ..\Output\hSch51.obj (HSCH51)
  ..\Output\Delay.obj (DELAY)
  ..\Output\Download.obj (DOWNLOAD)
  ..\Output\LCD1602_Clock.obj (LCD1602_CLOCK)
  ..\Output\Timer.obj (TIMER)
  ..\Output\LCD1602_Menu.obj (LCD1602_MENU)
  ..\Output\LCD1602_Show.obj (LCD1602_SHOW)
  ..\Output\ESP8266.obj (ESP8266)
  ..\Output\UART.obj (UART)
  ..\Output\EEPROM_Application.obj (EEPROM_APPLICATION)
  ..\Output\LCD1602.obj (LCD1602)
  ..\Output\Relay.obj (RELAY)
  ..\Output\EEPROM.obj (EEPROM)
  ..\Output\EC11.obj (EC11)
  ..\Output\Buzzer.obj (BUZZER)
  D:\KEIL\C51\LIB\C51S.LIB (?C_STARTUP)
  D:\KEIL\C51\LIB\C51S.LIB (?C?SCDIV)
  D:\KEIL\C51\LIB\C51S.LIB (?C?CLDPTR)
  D:\KEIL\C51\LIB\C51S.LIB (?C?CLDOPTR)
  D:\KEIL\C51\LIB\C51S.LIB (?C?CSTOPTR)
  D:\KEIL\C51\LIB\C51S.LIB (?C?IMUL)
  D:\KEIL\C51\LIB\C51S.LIB (?C?SIDIV)
  D:\KEIL\C51\LIB\C51S.LIB (?C?LMUL)
  D:\KEIL\C51\LIB\C51S.LIB (?C?SLDIV)
  D:\KEIL\C51\LIB\C51S.LIB (?C?SLCMP)
  D:\KEIL\C51\LIB\C51S.LIB (?C?ULCMP)
  D:\KEIL\C51\LIB\C51S.LIB (?C?SLSHR)
  D:\KEIL\C51\LIB\C51S.LIB (?C?LSHL)
  D:\KEIL\C51\LIB\C51S.LIB (?C?LSTXDATA)
  D:\KEIL\C51\LIB\C51S.LIB (?C?LSTKXDATA)
  D:\KEIL\C51\LIB\C51S.LIB (?C?ICALL)
  D:\KEIL\C51\LIB\C51S.LIB (?C_INIT)
  D:\KEIL\C51\LIB\C51S.LIB (?C?UIDIV)
  D:\KEIL\C51\LIB\C51S.LIB (?C?ULDIV)


LINK MAP OF MODULE:  ..\Output\Wireless_Controller (MAIN)


            TYPE    BASE      LENGTH    RELOCATION   SEGMENT NAME
            -----------------------------------------------------

            * * * * * * *   D A T A   M E M O R Y   * * * * * * *
            REG     0000H     0008H     ABSOLUTE     "REG BANK 0"
            DATA    0008H     0014H     UNIT         ?DT?LCD1602_MENU
BL51 BANKED LINKER/LOCATER V6.22.2.0                                                  08/13/2022  23:50:26  PAGE 2


            DATA    001CH     0002H     UNIT         ?DT?RELAY
            DATA    001EH     0001H     UNIT         ?DT?LCD1602_SHOW
            DATA    001FH     0001H     UNIT         ?DT?EEPROM_APPLICATION
            DATA    0020H     0005H     BIT_ADDR     ?BA?RELAY
            BIT     0025H.0   0006H.0   UNIT         ?BI?RELAY
            BIT     002BH.0   0000H.2   UNIT         ?BI?LCD1602_CLOCK
            BIT     002BH.2   0000H.2   UNIT         ?BI?LCD1602_MENU
            BIT     002BH.4   0000H.2   UNIT         ?BI?EC11
            BIT     002BH.6   0000H.1   UNIT         _BIT_GROUP_
                    002BH.7   0000H.1                *** GAP ***
            DATA    002CH     000CH     UNIT         _DATA_GROUP_
            DATA    0038H     0009H     UNIT         ?DT?LCD1602_CLOCK
            DATA    0041H     0009H     UNIT         ?DT?ESP8266
            DATA    004AH     0007H     UNIT         ?DT?EC11
            DATA    0051H     0001H     UNIT         ?DT?BUZZER
            IDATA   0052H     0058H     UNIT         ?ID?HSCH51
            IDATA   00AAH     0010H     UNIT         ?ID?LCD1602_MENU
            IDATA   00BAH     0001H     UNIT         ?STACK

            * * * * * * *  X D A T A   M E M O R Y  * * * * * * *
            XDATA   0000H     0248H     UNIT         ?XD?ESP8266
            XDATA   0248H     00DBH     UNIT         ?XD?LCD1602_MENU
            XDATA   0323H     00A6H     UNIT         ?XD?RELAY
            XDATA   03C9H     000DH     UNIT         ?XD?LCD1602_CLOCK
            XDATA   03D6H     0004H     UNIT         ?XD?EEPROM_APPLICATION

            * * * * * * *   C O D E   M E M O R Y   * * * * * * *
            CODE    0000H     0003H     ABSOLUTE     
            CODE    0003H     0008H     UNIT         ?PR?RETURN_2_19?LCD1602_MENU
            CODE    000BH     0003H     ABSOLUTE     
            CODE    000EH     000DH     UNIT         ?PR?DELAY50MS?DELAY
            CODE    001BH     0003H     ABSOLUTE     
            CODE    001EH     0004H     UNIT         ?PR?RETURN_2_12?LCD1602_MENU
                    0022H     0001H                  *** GAP ***
            CODE    0023H     0003H     ABSOLUTE     
            CODE    0026H     1ADAH     UNIT         ?PR?TASK_OFFTIME_SET_3_49?LCD1602_MENU
            CODE    1B00H     0E75H     UNIT         ?PR?TASK_OVERTIME_SET_3_46?LCD1602_MENU
            CODE    2975H     0E51H     UNIT         ?PR?TASK_ONTIME_SET_3_48?LCD1602_MENU
            CODE    37C6H     0D0EH     UNIT         ?PR?EEPROM_READ_SECTOR_1?EEPROM_APPLICATION
            CODE    44D4H     08EAH     UNIT         ?PR?LCD1602_MENU
            CODE    4DBEH     0811H     UNIT         ?PR?UART_INTERRUPT?ESP8266
            CODE    55CFH     07EBH     UNIT         ?PR?ESP8266_STA_AP_MODE?ESP8266
            CODE    5DBAH     0727H     UNIT         ?PR?EEPROM_PROGRAM_SECTOR_1?EEPROM_APPLICATION
            CODE    64E1H     06F5H     UNIT         ?CO?ESP8266
            CODE    6BD6H     0647H     UNIT         ?CO?LCD1602_MENU
            CODE    721DH     051BH     UNIT         ?C_INITSEG
            CODE    7738H     0386H     UNIT         ?PR?TASK_INPUT_UPDATE?RELAY
            CODE    7ABEH     02FFH     UNIT         ?PR?TASK1_OUTPUT_UPDATE?RELAY
            CODE    7DBDH     02F2H     UNIT         ?PR?TASK2_OUTPUT_UPDATE?RELAY
            CODE    80AFH     02F2H     UNIT         ?PR?TASK3_OUTPUT_UPDATE?RELAY
            CODE    83A1H     02F2H     UNIT         ?PR?TASK4_OUTPUT_UPDATE?RELAY
            CODE    8693H     02E5H     UNIT         ?PR?TASK5_OUTPUT_UPDATE?RELAY
            CODE    8978H     02E5H     UNIT         ?PR?TASK6_OUTPUT_UPDATE?RELAY
            CODE    8C5DH     02D5H     UNIT         ?C?LIB_CODE
            CODE    8F32H     02D4H     UNIT         ?PR?_LCD1602_NUMBER?LCD1602_CLOCK
            CODE    9206H     0284H     UNIT         ?PR?TASK_STARTTIME_SET_3_44?LCD1602_MENU
            CODE    948AH     0284H     UNIT         ?PR?TASK_ENDTIME_SET_3_45?LCD1602_MENU
BL51 BANKED LINKER/LOCATER V6.22.2.0                                                  08/13/2022  23:50:26  PAGE 3


            CODE    970EH     0226H     UNIT         ?PR?TIME_SET_MANUAL_SET_2_37?LCD1602_MENU
            CODE    9934H     0210H     UNIT         ?PR?SYSTEM_DATA_RESET?EEPROM_APPLICATION
            CODE    9B44H     01C4H     UNIT         ?PR?TCP_PORT_SET_2_40?LCD1602_MENU
            CODE    9D08H     01A7H     UNIT         ?PR?EEPROM_APPLICATION
            CODE    9EAFH     0177H     UNIT         ?PR?LCD1602_TIME_UPDATE?LCD1602_CLOCK
            CODE    A026H     0156H     UNIT         ?PR?LCD1602_MENU_UPDATE?LCD1602_MENU
            CODE    A17CH     0136H     UNIT         ?PR?TASK_OVERTIME_MODE_SET_3_47?LCD1602_MENU
            CODE    A2B2H     00F9H     UNIT         ?PR?PIN36_SET_2_34?LCD1602_MENU
            CODE    A3ABH     00F7H     UNIT         ?PR?EC11_SCAN?EC11
            CODE    A4A2H     00F6H     UNIT         ?PR?PIN37_SET_2_35?LCD1602_MENU
            CODE    A598H     00F1H     UNIT         ?PR?PIN20_SET_2_28?LCD1602_MENU
            CODE    A689H     00F1H     UNIT         ?PR?PIN35_SET_2_33?LCD1602_MENU
            CODE    A77AH     00EFH     UNIT         ?PR?PIN10_SET_2_20?LCD1602_MENU
            CODE    A869H     00EFH     UNIT         ?PR?PIN11_SET_2_21?LCD1602_MENU
            CODE    A958H     00EFH     UNIT         ?PR?PIN12_SET_2_22?LCD1602_MENU
            CODE    AA47H     00EFH     UNIT         ?PR?PIN13_SET_2_23?LCD1602_MENU
            CODE    AB36H     00EFH     UNIT         ?PR?PIN14_SET_2_24?LCD1602_MENU
            CODE    AC25H     00EFH     UNIT         ?PR?PIN15_SET_2_25?LCD1602_MENU
            CODE    AD14H     00EFH     UNIT         ?PR?PIN16_SET_2_26?LCD1602_MENU
            CODE    AE03H     00EFH     UNIT         ?PR?PIN17_SET_2_27?LCD1602_MENU
            CODE    AEF2H     00EFH     UNIT         ?PR?PIN21_SET_2_29?LCD1602_MENU
            CODE    AFE1H     00EFH     UNIT         ?PR?PIN22_SET_2_30?LCD1602_MENU
            CODE    B0D0H     00EFH     UNIT         ?PR?PIN23_SET_2_31?LCD1602_MENU
            CODE    B1BFH     00EFH     UNIT         ?PR?PIN24_SET_2_32?LCD1602_MENU
            CODE    B2AEH     00D7H     UNIT         ?PR?MAIN?MAIN
            CODE    B385H     00C6H     UNIT         ?PR?HSCH_UPDATE?HSCH51
            CODE    B44BH     00B4H     UNIT         ?PR?LCD1602_CLOCK_UPDATE?LCD1602_CLOCK
            CODE    B4FFH     00AAH     UNIT         ?PR?RELAY
            CODE    B5A9H     00A3H     UNIT         ?PR?ESP8266
            CODE    B64CH     0093H     UNIT         ?PR?LCD1602_CLOCK
            CODE    B6DFH     008CH     UNIT         ?C_C51STARTUP
            CODE    B76BH     0085H     UNIT         ?CO?EEPROM_APPLICATION
            CODE    B7F0H     0084H     UNIT         ?PR?SYSTEM_RESET_1_51?LCD1602_MENU
            CODE    B874H     006FH     UNIT         ?PR?LCD1602_SHOW_CURRENT_PAGE?LCD1602_MENU
            CODE    B8E3H     006EH     UNIT         ?PR?_LCD1602_SHOW_STRING?LCD1602
            CODE    B951H     005BH     UNIT         ?PR?_HSCH_ADD_TASK?HSCH51
            CODE    B9ACH     0055H     UNIT         ?PR?_LCD1602_CUSTOM_CHAR?LCD1602
            CODE    BA01H     004FH     UNIT         ?PR?BUZZER_KEY_BEEP?BUZZER
            CODE    BA50H     004CH     UNIT         ?PR?HSCH_DISPATCH_TASKS?HSCH51
            CODE    BA9CH     0046H     UNIT         ?PR?LCD1602_DATETIME_UPDATE?LCD1602_CLOCK
            CODE    BAE2H     0044H     UNIT         ?C?LDIV
            CODE    BB26H     0041H     UNIT         ?CO?LCD1602_CLOCK
            CODE    BB67H     003CH     UNIT         ?PR?STA_IP_2_41?LCD1602_MENU
            CODE    BBA3H     003CH     UNIT         ?PR?AP_IP_2_42?LCD1602_MENU
            CODE    BBDFH     0036H     UNIT         ?PR?HSCH51
            CODE    BC15H     0031H     UNIT         ?PR?TASK1_CTRL_2_6?LCD1602_MENU
            CODE    BC46H     0031H     UNIT         ?PR?TASK2_CTRL_2_7?LCD1602_MENU
            CODE    BC77H     0031H     UNIT         ?PR?TASK3_CTRL_2_8?LCD1602_MENU
            CODE    BCA8H     0031H     UNIT         ?PR?TASK4_CTRL_2_9?LCD1602_MENU
            CODE    BCD9H     0031H     UNIT         ?PR?TASK5_CTRL_2_10?LCD1602_MENU
            CODE    BD0AH     0031H     UNIT         ?PR?TASK6_CTRL_2_11?LCD1602_MENU
            CODE    BD3BH     002CH     UNIT         ?PR?_HSCH_DELETE_TASK?HSCH51
            CODE    BD67H     0027H     UNIT         ?PR?HSCH_INIT_T0?HSCH51
            CODE    BD8EH     0026H     UNIT         ?PR?_ARRYCLEAR?ESP8266
            CODE    BDB4H     0024H     UNIT         ?PR?LCD1602_INIT?LCD1602
            CODE    BDD8H     0022H     UNIT         ?PR?TIME_SET_AUTO_SET_2_38?LCD1602_MENU
            CODE    BDFAH     0019H     UNIT         ?PR?TASK3_SET_2_15?LCD1602_MENU
BL51 BANKED LINKER/LOCATER V6.22.2.0                                                  08/13/2022  23:50:26  PAGE 4


            CODE    BE13H     0019H     UNIT         ?PR?TASK4_SET_2_16?LCD1602_MENU
            CODE    BE2CH     0019H     UNIT         ?PR?TASK5_SET_2_17?LCD1602_MENU
            CODE    BE45H     0019H     UNIT         ?PR?TASK6_SET_2_18?LCD1602_MENU
            CODE    BE5EH     0018H     UNIT         ?PR?TASK2_SET_2_14?LCD1602_MENU
            CODE    BE76H     0018H     UNIT         ?PR?LCD1602_BUSY_CHECK?LCD1602
            CODE    BE8EH     0017H     UNIT         ?PR?TASK1_SET_2_13?LCD1602_MENU
            CODE    BEA5H     0017H     UNIT         ?PR?EC11_INIT?EC11
            CODE    BEBCH     0016H     UNIT         ?PR?TIMER1INIT?TIMER
            CODE    BED2H     0016H     UNIT         ?PR?LCD1602_SHOW_UPDATE?LCD1602_SHOW
            CODE    BEE8H     0016H     UNIT         ?PR?_LCD1602_WRITE_CMD?LCD1602
            CODE    BEFEH     0016H     UNIT         ?PR?_LCD1602_WRITE_DATA?LCD1602
            CODE    BF14H     0015H     UNIT         ?PR?UARTINIT?UART
            CODE    BF29H     0013H     UNIT         ?PR?TASKS_CTRL_1_0?LCD1602_MENU
            CODE    BF3CH     0013H     UNIT         ?PR?TASKS_SET_1_1?LCD1602_MENU
            CODE    BF4FH     0013H     UNIT         ?PR?PORT_SET_1_2?LCD1602_MENU
            CODE    BF62H     0013H     UNIT         ?PR?TIME_SET_1_3?LCD1602_MENU
            CODE    BF75H     0013H     UNIT         ?PR?WIFI_SET_1_4?LCD1602_MENU
            CODE    BF88H     0013H     UNIT         ?PR?RETURN_2_43?LCD1602_MENU
            CODE    BF9BH     0013H     UNIT         ?PR?_UART_SEND_STRING?UART
            CODE    BFAEH     0013H     UNIT         ?PR?_IAPPROGRAMBYTE?EEPROM
            CODE    BFC1H     0010H     UNIT         ?CO?LCD1602
            CODE    BFD1H     000FH     UNIT         ?PR?_IAPREADBYTE?EEPROM
            CODE    BFE0H     000EH     UNIT         ?PR?_UART_SEND_CHAR?UART
            CODE    BFEEH     000DH     UNIT         ?PR?DELAY100MS?DELAY
            CODE    BFFBH     000DH     UNIT         ?PR?DELAY1000MS?DELAY
            CODE    C008H     000DH     UNIT         ?PR?TIMER1_RELOAD?TIMER
            CODE    C015H     000DH     UNIT         ?PR?IAPIDLE?EEPROM
            CODE    C022H     000DH     UNIT         ?PR?_IAPERASESECTOR?EEPROM
            CODE    C02FH     000CH     UNIT         ?PR?_ESP8266_SEND_STRING?ESP8266
            CODE    C03BH     000BH     UNIT         ?PR?DELAY5MS?DELAY
            CODE    C046H     000BH     UNIT         ?PR?DELAY15MS?DELAY
            CODE    C051H     000BH     UNIT         ?PR?LCD1602
            CODE    C05CH     000BH     UNIT         ?PR?EEPROM
            CODE    C067H     0008H     UNIT         ?PR?BUZZER_INIT?BUZZER
            CODE    C06FH     0007H     UNIT         ?PR?RETURN_1_5?LCD1602_MENU
            CODE    C076H     0007H     UNIT         ?PR?RETURN_3_50?LCD1602_MENU
            CODE    C07DH     0004H     UNIT         ?PR?RETURN_2_36?LCD1602_MENU
            CODE    C081H     0004H     UNIT         ?PR?RETURN_2_39?LCD1602_MENU
            CODE    C085H     0003H     UNIT         ?PR?HSCH_START?HSCH51
            CODE    C088H     0003H     UNIT         ?PR?HSCH_RUN?HSCH51
            CODE    C08BH     0003H     UNIT         ?PR?HSCH_PAUSE?HSCH51
            CODE    C08EH     0003H     UNIT         ?PR?BUZZER_OPEN?BUZZER



OVERLAY MAP OF MODULE:   ..\Output\Wireless_Controller (MAIN)


SEGMENT                                             BIT_GROUP          DATA_GROUP 
  +--> CALLED SEGMENT                            START    LENGTH     START    LENGTH
------------------------------------------------------------------------------------
?PR?HSCH_UPDATE?HSCH51                           -----    -----      002CH    0001H
  +--> ?PR?HSCH51

*** NEW ROOT ***************************************************

?PR?UART_INTERRUPT?ESP8266                       -----    -----      -----    -----
BL51 BANKED LINKER/LOCATER V6.22.2.0                                                  08/13/2022  23:50:26  PAGE 5


  +--> ?PR?ESP8266
  +--> ?PR?EEPROM_PROGRAM_SECTOR_1?EEPROM_AP...
  +--> ?PR?_ARRYCLEAR?ESP8266

?PR?EEPROM_PROGRAM_SECTOR_1?EEPROM_AP...         -----    -----      -----    -----
  +--> ?PR?_IAPERASESECTOR?EEPROM
  +--> ?PR?EEPROM_APPLICATION
  +--> ?PR?_IAPPROGRAMBYTE?EEPROM

?PR?_IAPERASESECTOR?EEPROM                       -----    -----      -----    -----
  +--> ?PR?EEPROM
  +--> ?PR?IAPIDLE?EEPROM

?PR?_IAPPROGRAMBYTE?EEPROM                       -----    -----      -----    -----
  +--> ?PR?EEPROM
  +--> ?PR?IAPIDLE?EEPROM

?PR?_ARRYCLEAR?ESP8266                           -----    -----      002DH    0003H

*** NEW ROOT ***************************************************

?PR?BUZZER_KEY_BEEP?BUZZER                       -----    -----      -----    -----
  +--> ?PR?TIMER1_RELOAD?TIMER
  +--> ?PR?BUZZER_INIT?BUZZER

*** NEW ROOT ***************************************************

?C_C51STARTUP                                    -----    -----      -----    -----
  +--> ?PR?MAIN?MAIN
  +--> ?C_INITSEG

?PR?MAIN?MAIN                                    -----    -----      -----    -----
  +--> ?PR?EEPROM_READ_SECTOR_1?EEPROM_APPLI...
  +--> ?PR?LCD1602_INIT?LCD1602
  +--> ?PR?EC11_INIT?EC11
  +--> ?PR?TIMER1INIT?TIMER
  +--> ?PR?BUZZER_INIT?BUZZER
  +--> ?PR?UARTINIT?UART
  +--> ?PR?HSCH_START?HSCH51
  +--> ?PR?ESP8266_STA_AP_MODE?ESP8266
  +--> ?PR?_LCD1602_WRITE_CMD?LCD1602
  +--> ?PR?HSCH_INIT_T0?HSCH51
  +--> ?PR?HSCH_PAUSE?HSCH51
  +--> ?PR?EC11_SCAN?EC11
  +--> ?PR?_HSCH_ADD_TASK?HSCH51
  +--> ?PR?LCD1602_SHOW_UPDATE?LCD1602_SHOW
  +--> ?PR?LCD1602_TIME_UPDATE?LCD1602_CLOCK
  +--> ?PR?TASK_INPUT_UPDATE?RELAY
  +--> ?PR?TASK1_OUTPUT_UPDATE?RELAY
  +--> ?PR?TASK2_OUTPUT_UPDATE?RELAY
  +--> ?PR?TASK3_OUTPUT_UPDATE?RELAY
  +--> ?PR?TASK4_OUTPUT_UPDATE?RELAY
  +--> ?PR?TASK5_OUTPUT_UPDATE?RELAY
  +--> ?PR?TASK6_OUTPUT_UPDATE?RELAY
  +--> ?PR?HSCH_RUN?HSCH51
  +--> ?PR?HSCH_DISPATCH_TASKS?HSCH51

BL51 BANKED LINKER/LOCATER V6.22.2.0                                                  08/13/2022  23:50:26  PAGE 6


?PR?EEPROM_READ_SECTOR_1?EEPROM_APPLI...         -----    -----      -----    -----
  +--> ?PR?_IAPREADBYTE?EEPROM
  +--> ?PR?EEPROM_APPLICATION

?PR?_IAPREADBYTE?EEPROM                          -----    -----      -----    -----
  +--> ?PR?EEPROM
  +--> ?PR?IAPIDLE?EEPROM

?PR?LCD1602_INIT?LCD1602                         -----    -----      -----    -----
  +--> ?PR?DELAY15MS?DELAY
  +--> ?PR?_LCD1602_WRITE_CMD?LCD1602
  +--> ?PR?DELAY5MS?DELAY

?PR?_LCD1602_WRITE_CMD?LCD1602                   -----    -----      -----    -----
  +--> ?PR?LCD1602_BUSY_CHECK?LCD1602

?PR?ESP8266_STA_AP_MODE?ESP8266                  -----    -----      -----    -----
  +--> ?CO?ESP8266
  +--> ?PR?_ESP8266_SEND_STRING?ESP8266
  +--> ?PR?DELAY100MS?DELAY
  +--> ?PR?DELAY1000MS?DELAY
  +--> ?PR?ESP8266
  +--> ?PR?DELAY50MS?DELAY
  +--> ?PR?_LCD1602_WRITE_CMD?LCD1602
  +--> ?PR?_LCD1602_SHOW_STRING?LCD1602
  +--> ?CO?LCD1602_MENU

?PR?_ESP8266_SEND_STRING?ESP8266                 -----    -----      -----    -----
  +--> ?PR?_UART_SEND_STRING?UART
  +--> ?CO?ESP8266

?PR?_UART_SEND_STRING?UART                       -----    -----      -----    -----
  +--> ?PR?_UART_SEND_CHAR?UART

?PR?_LCD1602_SHOW_STRING?LCD1602                 -----    -----      0030H    0007H
  +--> ?CO?LCD1602
  +--> ?PR?_LCD1602_WRITE_CMD?LCD1602
  +--> ?PR?LCD1602
  +--> ?PR?_LCD1602_WRITE_DATA?LCD1602

?PR?_LCD1602_WRITE_DATA?LCD1602                  -----    -----      -----    -----
  +--> ?PR?LCD1602_BUSY_CHECK?LCD1602

?CO?LCD1602_MENU                                 -----    -----      -----    -----
  +--> ?PR?TASKS_CTRL_1_0?LCD1602_MENU
  +--> ?PR?TASKS_SET_1_1?LCD1602_MENU
  +--> ?PR?PORT_SET_1_2?LCD1602_MENU
  +--> ?PR?TIME_SET_1_3?LCD1602_MENU
  +--> ?PR?WIFI_SET_1_4?LCD1602_MENU
  +--> ?PR?RETURN_1_5?LCD1602_MENU
  +--> ?PR?TASK1_CTRL_2_6?LCD1602_MENU
  +--> ?PR?TASK2_CTRL_2_7?LCD1602_MENU
  +--> ?PR?TASK3_CTRL_2_8?LCD1602_MENU
  +--> ?PR?TASK4_CTRL_2_9?LCD1602_MENU
  +--> ?PR?TASK5_CTRL_2_10?LCD1602_MENU
  +--> ?PR?TASK6_CTRL_2_11?LCD1602_MENU
  +--> ?PR?RETURN_2_12?LCD1602_MENU
BL51 BANKED LINKER/LOCATER V6.22.2.0                                                  08/13/2022  23:50:26  PAGE 7


  +--> ?PR?TASK1_SET_2_13?LCD1602_MENU
  +--> ?PR?TASK2_SET_2_14?LCD1602_MENU
  +--> ?PR?TASK3_SET_2_15?LCD1602_MENU
  +--> ?PR?TASK4_SET_2_16?LCD1602_MENU
  +--> ?PR?TASK5_SET_2_17?LCD1602_MENU
  +--> ?PR?TASK6_SET_2_18?LCD1602_MENU
  +--> ?PR?RETURN_2_19?LCD1602_MENU
  +--> ?PR?PIN10_SET_2_20?LCD1602_MENU
  +--> ?PR?PIN11_SET_2_21?LCD1602_MENU
  +--> ?PR?PIN12_SET_2_22?LCD1602_MENU
  +--> ?PR?PIN13_SET_2_23?LCD1602_MENU
  +--> ?PR?PIN14_SET_2_24?LCD1602_MENU
  +--> ?PR?PIN15_SET_2_25?LCD1602_MENU
  +--> ?PR?PIN16_SET_2_26?LCD1602_MENU
  +--> ?PR?PIN17_SET_2_27?LCD1602_MENU
  +--> ?PR?PIN20_SET_2_28?LCD1602_MENU
  +--> ?PR?PIN21_SET_2_29?LCD1602_MENU
  +--> ?PR?PIN22_SET_2_30?LCD1602_MENU
  +--> ?PR?PIN23_SET_2_31?LCD1602_MENU
  +--> ?PR?PIN24_SET_2_32?LCD1602_MENU
  +--> ?PR?PIN35_SET_2_33?LCD1602_MENU
  +--> ?PR?PIN36_SET_2_34?LCD1602_MENU
  +--> ?PR?PIN37_SET_2_35?LCD1602_MENU
  +--> ?PR?RETURN_2_36?LCD1602_MENU
  +--> ?PR?TIME_SET_MANUAL_SET_2_37?LCD1602_...
  +--> ?PR?TIME_SET_AUTO_SET_2_38?LCD1602_MENU
  +--> ?PR?RETURN_2_39?LCD1602_MENU
  +--> ?PR?TCP_PORT_SET_2_40?LCD1602_MENU
  +--> ?PR?STA_IP_2_41?LCD1602_MENU
  +--> ?PR?AP_IP_2_42?LCD1602_MENU
  +--> ?PR?RETURN_2_43?LCD1602_MENU
  +--> ?PR?TASK_STARTTIME_SET_3_44?LCD1602_MENU
  +--> ?PR?TASK_ENDTIME_SET_3_45?LCD1602_MENU
  +--> ?PR?TASK_OVERTIME_SET_3_46?LCD1602_MENU
  +--> ?PR?TASK_OVERTIME_MODE_SET_3_47?LCD16...
  +--> ?PR?TASK_ONTIME_SET_3_48?LCD1602_MENU
  +--> ?PR?TASK_OFFTIME_SET_3_49?LCD1602_MENU
  +--> ?PR?RETURN_3_50?LCD1602_MENU
  +--> ?PR?SYSTEM_RESET_1_51?LCD1602_MENU

?PR?TASKS_CTRL_1_0?LCD1602_MENU                  -----    -----      -----    -----
  +--> ?PR?LCD1602_MENU

?PR?TASKS_SET_1_1?LCD1602_MENU                   -----    -----      -----    -----
  +--> ?PR?LCD1602_MENU

?PR?PORT_SET_1_2?LCD1602_MENU                    -----    -----      -----    -----
  +--> ?PR?LCD1602_MENU

?PR?TIME_SET_1_3?LCD1602_MENU                    -----    -----      -----    -----
  +--> ?PR?LCD1602_MENU

?PR?WIFI_SET_1_4?LCD1602_MENU                    -----    -----      -----    -----
  +--> ?PR?LCD1602_MENU

?PR?RETURN_1_5?LCD1602_MENU                      -----    -----      -----    -----
  +--> ?PR?LCD1602_MENU
BL51 BANKED LINKER/LOCATER V6.22.2.0                                                  08/13/2022  23:50:26  PAGE 8



?PR?RETURN_2_12?LCD1602_MENU                     -----    -----      -----    -----
  +--> ?PR?LCD1602_MENU

?PR?TASK1_SET_2_13?LCD1602_MENU                  -----    -----      -----    -----
  +--> ?PR?LCD1602_MENU

?PR?TASK2_SET_2_14?LCD1602_MENU                  -----    -----      -----    -----
  +--> ?PR?LCD1602_MENU

?PR?TASK3_SET_2_15?LCD1602_MENU                  -----    -----      -----    -----
  +--> ?PR?LCD1602_MENU

?PR?TASK4_SET_2_16?LCD1602_MENU                  -----    -----      -----    -----
  +--> ?PR?LCD1602_MENU

?PR?TASK5_SET_2_17?LCD1602_MENU                  -----    -----      -----    -----
  +--> ?PR?LCD1602_MENU

?PR?TASK6_SET_2_18?LCD1602_MENU                  -----    -----      -----    -----
  +--> ?PR?LCD1602_MENU

?PR?RETURN_2_19?LCD1602_MENU                     -----    -----      -----    -----
  +--> ?PR?LCD1602_MENU

?PR?PIN10_SET_2_20?LCD1602_MENU                  -----    -----      -----    -----
  +--> ?PR?LCD1602_MENU

?PR?PIN11_SET_2_21?LCD1602_MENU                  -----    -----      -----    -----
  +--> ?PR?LCD1602_MENU

?PR?PIN12_SET_2_22?LCD1602_MENU                  -----    -----      -----    -----
  +--> ?PR?LCD1602_MENU

?PR?PIN13_SET_2_23?LCD1602_MENU                  -----    -----      -----    -----
  +--> ?PR?LCD1602_MENU

?PR?PIN14_SET_2_24?LCD1602_MENU                  -----    -----      -----    -----
  +--> ?PR?LCD1602_MENU

?PR?PIN15_SET_2_25?LCD1602_MENU                  -----    -----      -----    -----
  +--> ?PR?LCD1602_MENU

?PR?PIN16_SET_2_26?LCD1602_MENU                  -----    -----      -----    -----
  +--> ?PR?LCD1602_MENU

?PR?PIN17_SET_2_27?LCD1602_MENU                  -----    -----      -----    -----
  +--> ?PR?LCD1602_MENU

?PR?PIN20_SET_2_28?LCD1602_MENU                  -----    -----      -----    -----
  +--> ?PR?LCD1602_MENU

?PR?PIN21_SET_2_29?LCD1602_MENU                  -----    -----      -----    -----
  +--> ?PR?LCD1602_MENU

?PR?PIN22_SET_2_30?LCD1602_MENU                  -----    -----      -----    -----
  +--> ?PR?LCD1602_MENU
BL51 BANKED LINKER/LOCATER V6.22.2.0                                                  08/13/2022  23:50:26  PAGE 9



?PR?PIN23_SET_2_31?LCD1602_MENU                  -----    -----      -----    -----
  +--> ?PR?LCD1602_MENU

?PR?PIN24_SET_2_32?LCD1602_MENU                  -----    -----      -----    -----
  +--> ?PR?LCD1602_MENU

?PR?PIN35_SET_2_33?LCD1602_MENU                  -----    -----      -----    -----
  +--> ?PR?LCD1602_MENU

?PR?PIN36_SET_2_34?LCD1602_MENU                  -----    -----      -----    -----
  +--> ?PR?LCD1602_MENU

?PR?PIN37_SET_2_35?LCD1602_MENU                  -----    -----      -----    -----
  +--> ?PR?LCD1602_MENU

?PR?RETURN_2_36?LCD1602_MENU                     -----    -----      -----    -----
  +--> ?PR?LCD1602_MENU

?PR?TIME_SET_MANUAL_SET_2_37?LCD1602_...         -----    -----      -----    -----
  +--> ?PR?LCD1602_MENU

?PR?TIME_SET_AUTO_SET_2_38?LCD1602_MENU          -----    -----      -----    -----
  +--> ?PR?LCD1602_MENU

?PR?RETURN_2_39?LCD1602_MENU                     -----    -----      -----    -----
  +--> ?PR?LCD1602_MENU

?PR?TCP_PORT_SET_2_40?LCD1602_MENU               -----    -----      -----    -----
  +--> ?PR?LCD1602_MENU

?PR?STA_IP_2_41?LCD1602_MENU                     -----    -----      -----    -----
  +--> ?PR?LCD1602_MENU

?PR?AP_IP_2_42?LCD1602_MENU                      -----    -----      -----    -----
  +--> ?PR?LCD1602_MENU

?PR?RETURN_2_43?LCD1602_MENU                     -----    -----      -----    -----
  +--> ?PR?LCD1602_MENU

?PR?TASK_STARTTIME_SET_3_44?LCD1602_MENU         -----    -----      -----    -----
  +--> ?PR?LCD1602_MENU

?PR?TASK_ENDTIME_SET_3_45?LCD1602_MENU           -----    -----      -----    -----
  +--> ?PR?LCD1602_MENU

?PR?TASK_OVERTIME_SET_3_46?LCD1602_MENU          -----    -----      -----    -----
  +--> ?PR?LCD1602_MENU

?PR?TASK_OVERTIME_MODE_SET_3_47?LCD16...         -----    -----      -----    -----
  +--> ?PR?LCD1602_MENU

?PR?TASK_ONTIME_SET_3_48?LCD1602_MENU            -----    -----      -----    -----
  +--> ?PR?LCD1602_MENU

?PR?TASK_OFFTIME_SET_3_49?LCD1602_MENU           -----    -----      -----    -----
  +--> ?PR?LCD1602_MENU
BL51 BANKED LINKER/LOCATER V6.22.2.0                                                  08/13/2022  23:50:26  PAGE 10



?PR?RETURN_3_50?LCD1602_MENU                     -----    -----      -----    -----
  +--> ?PR?LCD1602_MENU

?PR?SYSTEM_RESET_1_51?LCD1602_MENU               -----    -----      -----    -----
  +--> ?PR?LCD1602_MENU
  +--> ?PR?SYSTEM_DATA_RESET?EEPROM_APPLICATION
  +--> ?PR?EEPROM_PROGRAM_SECTOR_1?EEPROM_AP...

?PR?SYSTEM_DATA_RESET?EEPROM_APPLICATION         -----    -----      -----    -----
  +--> ?PR?EEPROM_APPLICATION
  +--> ?CO?EEPROM_APPLICATION

?PR?HSCH_INIT_T0?HSCH51                          -----    -----      0030H    0001H
  +--> ?PR?HSCH51
  +--> ?PR?_HSCH_DELETE_TASK?HSCH51

?PR?_HSCH_DELETE_TASK?HSCH51                     002BH.6  0000H.1    -----    -----
  +--> ?PR?HSCH51

?PR?EC11_SCAN?EC11                               -----    -----      -----    -----
  +--> ?PR?BUZZER_OPEN?BUZZER

?PR?_HSCH_ADD_TASK?HSCH51                        002BH.6  0000H.1    0030H    0002H
  +--> ?PR?HSCH51

?PR?LCD1602_SHOW_UPDATE?LCD1602_SHOW             -----    -----      -----    -----
  +--> ?PR?LCD1602_CLOCK_UPDATE?LCD1602_CLOCK
  +--> ?PR?LCD1602_DATETIME_UPDATE?LCD1602_C...
  +--> ?PR?LCD1602_MENU_UPDATE?LCD1602_MENU

?PR?LCD1602_CLOCK_UPDATE?LCD1602_CLOCK           -----    -----      -----    -----
  +--> ?PR?_LCD1602_NUMBER?LCD1602_CLOCK
  +--> ?PR?LCD1602_CLOCK
  +--> ?PR?_LCD1602_CUSTOM_CHAR?LCD1602
  +--> ?CO?LCD1602_CLOCK

?PR?_LCD1602_NUMBER?LCD1602_CLOCK                -----    -----      0030H    0001H
  +--> ?PR?LCD1602_CLOCK
  +--> ?PR?_LCD1602_CUSTOM_CHAR?LCD1602
  +--> ?CO?LCD1602_CLOCK

?PR?LCD1602_CLOCK                                -----    -----      -----    -----
  +--> ?CO?LCD1602_CLOCK

?PR?_LCD1602_CUSTOM_CHAR?LCD1602                 -----    -----      0031H    0007H
  +--> ?PR?_LCD1602_WRITE_CMD?LCD1602
  +--> ?PR?_LCD1602_WRITE_DATA?LCD1602

?PR?LCD1602_DATETIME_UPDATE?LCD1602_C...         -----    -----      -----    -----
  +--> ?PR?_LCD1602_SHOW_STRING?LCD1602
  +--> ?CO?LCD1602_CLOCK

?PR?LCD1602_MENU_UPDATE?LCD1602_MENU             -----    -----      -----    -----
  +--> ?PR?LCD1602_MENU
  +--> ?CO?LCD1602_MENU
  +--> ?PR?EEPROM_PROGRAM_SECTOR_1?EEPROM_AP...
BL51 BANKED LINKER/LOCATER V6.22.2.0                                                  08/13/2022  23:50:26  PAGE 11


  +--> ?PR?LCD1602_SHOW_CURRENT_PAGE?LCD1602...

?PR?LCD1602_SHOW_CURRENT_PAGE?LCD1602...         -----    -----      -----    -----
  +--> ?PR?LCD1602_MENU
  +--> ?PR?_LCD1602_SHOW_STRING?LCD1602

?PR?LCD1602_TIME_UPDATE?LCD1602_CLOCK            -----    -----      -----    -----
  +--> ?PR?LCD1602_CLOCK

?PR?TASK1_OUTPUT_UPDATE?RELAY                    -----    -----      -----    -----
  +--> ?PR?RELAY

?PR?TASK2_OUTPUT_UPDATE?RELAY                    -----    -----      -----    -----
  +--> ?PR?RELAY

?PR?TASK3_OUTPUT_UPDATE?RELAY                    -----    -----      -----    -----
  +--> ?PR?RELAY

?PR?TASK4_OUTPUT_UPDATE?RELAY                    -----    -----      -----    -----
  +--> ?PR?RELAY

?PR?TASK5_OUTPUT_UPDATE?RELAY                    -----    -----      -----    -----
  +--> ?PR?RELAY

?PR?TASK6_OUTPUT_UPDATE?RELAY                    -----    -----      -----    -----
  +--> ?PR?RELAY

?PR?HSCH_DISPATCH_TASKS?HSCH51                   -----    -----      0030H    0001H
  +--> ?PR?HSCH51



SYMBOL TABLE OF MODULE:  ..\Output\Wireless_Controller (MAIN)

  VALUE           TYPE          NAME
  ----------------------------------

  -------         MODULE        MAIN
  C:0000H         SYMBOL        _ICE_DUMMY_
  D:0080H         PUBLIC        P0
  D:0090H         PUBLIC        P1
  D:00B4H         PUBLIC        P4M0
  D:00A0H         PUBLIC        P2
  D:00B3H         PUBLIC        P4M1
  D:00B0H         PUBLIC        P3
  D:00C0H         PUBLIC        P4
  D:00C8H         PUBLIC        P5
  D:00A8H         PUBLIC        IE
  D:00B8H         PUBLIC        IP
  D:00D8H         PUBLIC        CCON
  C:B2AEH         PUBLIC        main
  D:00BBH         PUBLIC        P4SW
  D:0098H         PUBLIC        SCON
  D:0088H         PUBLIC        TCON
  D:00D0H         PUBLIC        PSW
  C:B367H         SYMBOL        L?0004
  C:B371H         SYMBOL        L?0005
BL51 BANKED LINKER/LOCATER V6.22.2.0                                                  08/13/2022  23:50:26  PAGE 12


  C:B37BH         SYMBOL        L?0006
  -------         PROC          MAIN
  C:B2AEH         LINE#         28
  C:B2AEH         LINE#         29
  C:B2AEH         LINE#         32
  C:B2B1H         LINE#         33
  C:B2B4H         LINE#         34
  C:B2B7H         LINE#         36
  C:B2BAH         LINE#         37
  C:B2BDH         LINE#         38
  C:B2C0H         LINE#         39
  C:B2C3H         LINE#         40
  C:B2C6H         LINE#         41
  C:B2C9H         LINE#         43
  C:B2CCH         LINE#         45
  C:B2CFH         LINE#         47
  C:B2D4H         LINE#         49
  C:B2D7H         LINE#         52
  C:B2DAH         LINE#         56
  C:B2EAH         LINE#         58
  C:B2FBH         LINE#         59
  C:B30CH         LINE#         61
  C:B317H         LINE#         62
  C:B322H         LINE#         63
  C:B32DH         LINE#         64
  C:B338H         LINE#         66
  C:B343H         LINE#         67
  C:B34EH         LINE#         68
  C:B35FH         LINE#         72
  C:B362H         LINE#         77
  C:B362H         LINE#         78
  C:B362H         LINE#         79
  C:B365H         LINE#         80
  C:B367H         LINE#         81
  -------         ENDPROC       MAIN
  -------         ENDMOD        MAIN

  -------         MODULE        HSCH51
  C:0000H         SYMBOL        _ICE_DUMMY_
  D:0080H         PUBLIC        P0
  D:0090H         PUBLIC        P1
  D:00A0H         PUBLIC        P2
  D:00B0H         PUBLIC        P3
  D:00C0H         PUBLIC        P4
  D:00C8H         PUBLIC        P5
  B:00A8H.7       PUBLIC        EA
  D:00A8H         PUBLIC        IE
  C:B385H         PUBLIC        hSCH_Update
  D:00B8H         PUBLIC        IP
  C:BD67H         PUBLIC        hSCH_Init_T0
  D:00D8H         PUBLIC        CCON
  C:B951H         PUBLIC        _hSCH_Add_Task
  C:C08BH         PUBLIC        hSCH_Pause
  D:0098H         PUBLIC        SCON
  D:0089H         PUBLIC        TMOD
  D:0088H         PUBLIC        TCON
  C:C085H         PUBLIC        hSCH_Start
BL51 BANKED LINKER/LOCATER V6.22.2.0                                                  08/13/2022  23:50:26  PAGE 13


  D:008EH         PUBLIC        AUXR
  C:BA50H         PUBLIC        hSCH_Dispatch_Tasks
  B:00A8H.1       PUBLIC        ET0
  B:0088H.5       PUBLIC        TF0
  D:008CH         PUBLIC        TH0
  D:008AH         PUBLIC        TL0
  B:0088H.4       PUBLIC        TR0
  C:C088H         PUBLIC        hSCH_Run
  C:BD3BH         PUBLIC        _hSCH_Delete_Task
  I:0052H         PUBLIC        hSCH_tasks_G
  D:00D0H         PUBLIC        PSW
  C:BBDFH         SYMBOL        Com0021
  C:BBDFH         SYMBOL        L?0034
  C:BBDFH         SYMBOL        L?0035
  C:BBE0H         SYMBOL        L?0036
  C:BBE8H         SYMBOL        L?0037
  C:BBE8H         SYMBOL        L?0038
  C:BBEFH         SYMBOL        L?0039
  C:BBF1H         SYMBOL        L?0040
  C:BBF9H         SYMBOL        L?0041
  C:BBF9H         SYMBOL        L?0042
  C:BBFAH         SYMBOL        L?0043
  C:BC01H         SYMBOL        L?0044
  C:BC0BH         SYMBOL        L?0045
  -------         PROC          COM0021
  -------         ENDPROC       COM0021
  -------         PROC          HSCH_INIT_T0
  -------         DO            
  D:0030H         SYMBOL        i
  -------         ENDDO         
  C:BD67H         LINE#         23
  C:BD67H         LINE#         24
  C:BD67H         LINE#         27
  C:BD71H         LINE#         28
  C:BD71H         LINE#         29
  C:BD76H         LINE#         30
  C:BD7AH         LINE#         36
  C:BD7DH         LINE#         37
  C:BD80H         LINE#         38
  C:BD83H         LINE#         39
  C:BD86H         LINE#         40
  C:BD89H         LINE#         41
  C:BD8BH         LINE#         42
  C:BD8DH         LINE#         44
  -------         ENDPROC       HSCH_INIT_T0
  -------         PROC          HSCH_START
  C:C085H         LINE#         56
  C:C085H         LINE#         57
  C:C085H         LINE#         58
  C:C087H         LINE#         59
  -------         ENDPROC       HSCH_START
  -------         PROC          HSCH_UPDATE
  -------         DO            
  D:002CH         SYMBOL        Index
  -------         ENDDO         
  C:B385H         LINE#         70
  C:B3A2H         LINE#         74
BL51 BANKED LINKER/LOCATER V6.22.2.0                                                  08/13/2022  23:50:26  PAGE 14


  C:B3A4H         LINE#         75
  C:B3A6H         LINE#         76
  C:B3A9H         LINE#         77
  C:B3ACH         LINE#         78
  C:B3AEH         LINE#         81
  C:B3B8H         LINE#         82
  C:B3B8H         LINE#         83
  C:B3C3H         LINE#         84
  C:B3C3H         LINE#         85
  C:B3CEH         LINE#         86
  C:B3CEH         LINE#         87
  C:B3D7H         LINE#         88
  C:B3D7H         LINE#         89
  C:B3DEH         LINE#         90
  C:B3E0H         LINE#         92
  C:B3E0H         LINE#         93
  C:B3E8H         LINE#         94
  C:B3EFH         LINE#         96
  C:B3FAH         LINE#         97
  C:B3FAH         LINE#         98
  C:B404H         LINE#         99
  C:B404H         LINE#         100
  C:B404H         LINE#         101
  C:B412H         LINE#         102
  C:B412H         LINE#         103
  C:B41DH         LINE#         104
  C:B41DH         LINE#         105
  C:B41FH         LINE#         107
  C:B41FH         LINE#         108
  C:B42BH         LINE#         109
  C:B42BH         LINE#         110
  C:B42BH         LINE#         111
  C:B430H         LINE#         112
  -------         ENDPROC       HSCH_UPDATE
  -------         PROC          HSCH_DISPATCH_TASKS
  -------         DO            
  D:0030H         SYMBOL        Index
  -------         ENDDO         
  C:BA50H         LINE#         123
  C:BA50H         LINE#         124
  C:BA50H         LINE#         127
  C:BA5BH         LINE#         128
  C:BA5BH         LINE#         130
  C:BA74H         LINE#         131
  C:BA74H         LINE#         132
  C:BA7CH         LINE#         133
  C:BA80H         LINE#         137
  C:BA8EH         LINE#         138
  C:BA8EH         LINE#         140
  C:BA97H         LINE#         141
  C:BA97H         LINE#         142
  C:BA97H         LINE#         143
  C:BA9BH         LINE#         144
  -------         ENDPROC       HSCH_DISPATCH_TASKS
  -------         PROC          _HSCH_ADD_TASK
  D:0030H         SYMBOL        Fn_p
  D:0004H         SYMBOL        Del
BL51 BANKED LINKER/LOCATER V6.22.2.0                                                  08/13/2022  23:50:26  PAGE 15


  D:0002H         SYMBOL        Per
  B:002BH.6       SYMBOL        Co_op
  -------         DO            
  D:0007H         SYMBOL        Index
  -------         ENDDO         
  C:B951H         LINE#         196
  C:B955H         LINE#         200
  C:B955H         LINE#         201
  C:B957H         LINE#         204
  C:B969H         LINE#         205
  C:B969H         LINE#         206
  C:B96AH         LINE#         207
  C:B96CH         LINE#         210
  C:B971H         LINE#         211
  C:B971H         LINE#         212
  C:B974H         LINE#         213
  C:B974H         LINE#         216
  C:B97CH         LINE#         217
  C:B989H         LINE#         218
  C:B996H         LINE#         219
  C:B9A5H         LINE#         220
  C:B9ABH         LINE#         222
  C:B9ABH         LINE#         223
  -------         ENDPROC       _HSCH_ADD_TASK
  -------         PROC          _HSCH_DELETE_TASK
  D:0007H         SYMBOL        Task_index
  -------         DO            
  B:002BH.6       SYMBOL        Return_code
  -------         ENDDO         
  C:BD3BH         LINE#         241
  C:BD3BH         LINE#         242
  C:BD3BH         LINE#         245
  C:BD45H         LINE#         246
  C:BD45H         LINE#         247
  C:BD47H         LINE#         248
  C:BD49H         LINE#         250
  C:BD49H         LINE#         251
  C:BD4BH         LINE#         252
  C:BD4BH         LINE#         254
  C:BD4EH         LINE#         255
  C:BD54H         LINE#         256
  C:BD5EH         LINE#         257
  C:BD64H         LINE#         259
  C:BD66H         LINE#         260
  -------         ENDPROC       _HSCH_DELETE_TASK
  -------         PROC          HSCH_RUN
  C:C088H         LINE#         270
  C:C088H         LINE#         271
  C:C088H         LINE#         272
  C:C08AH         LINE#         273
  -------         ENDPROC       HSCH_RUN
  -------         PROC          HSCH_PAUSE
  C:C08BH         LINE#         280
  C:C08BH         LINE#         281
  C:C08BH         LINE#         282
  C:C08DH         LINE#         283
  -------         ENDPROC       HSCH_PAUSE
BL51 BANKED LINKER/LOCATER V6.22.2.0                                                  08/13/2022  23:50:26  PAGE 16


  -------         ENDMOD        HSCH51

  -------         MODULE        DELAY
  C:0000H         SYMBOL        _ICE_DUMMY_
  D:0080H         PUBLIC        P0
  D:0090H         PUBLIC        P1
  D:00A0H         PUBLIC        P2
  D:00B0H         PUBLIC        P3
  D:00C0H         PUBLIC        P4
  D:00C8H         PUBLIC        P5
  C:C03BH         PUBLIC        Delay5ms
  D:00A8H         PUBLIC        IE
  C:BFFBH         PUBLIC        Delay1000ms
  D:00B8H         PUBLIC        IP
  D:00D8H         PUBLIC        CCON
  D:0098H         PUBLIC        SCON
  D:0088H         PUBLIC        TCON
  C:000EH         PUBLIC        Delay50ms
  C:C046H         PUBLIC        Delay15ms
  C:BFEEH         PUBLIC        Delay100ms
  D:00D0H         PUBLIC        PSW
  -------         PROC          DELAY5MS
  -------         DO            
  D:0007H         SYMBOL        i
  D:0006H         SYMBOL        j
  -------         ENDDO         
  C:C03BH         LINE#         14
  C:C03BH         LINE#         15
  C:C03BH         LINE#         18
  C:C03CH         LINE#         19
  C:C03DH         LINE#         20
  C:C03FH         LINE#         21
  C:C041H         LINE#         23
  C:C041H         LINE#         24
  C:C043H         LINE#         25
  C:C045H         LINE#         26
  -------         ENDPROC       DELAY5MS
  -------         PROC          DELAY15MS
  -------         DO            
  D:0007H         SYMBOL        i
  D:0006H         SYMBOL        j
  -------         ENDDO         
  C:C046H         LINE#         34
  C:C046H         LINE#         35
  C:C046H         LINE#         38
  C:C047H         LINE#         39
  C:C048H         LINE#         40
  C:C04AH         LINE#         41
  C:C04CH         LINE#         43
  C:C04CH         LINE#         44
  C:C04EH         LINE#         45
  C:C050H         LINE#         46
  -------         ENDPROC       DELAY15MS
  -------         PROC          DELAY50MS
  -------         DO            
  D:0007H         SYMBOL        i
  D:0006H         SYMBOL        j
BL51 BANKED LINKER/LOCATER V6.22.2.0                                                  08/13/2022  23:50:26  PAGE 17


  D:0005H         SYMBOL        k
  -------         ENDDO         
  C:000EH         LINE#         55
  C:000EH         LINE#         56
  C:000EH         LINE#         59
  C:0010H         LINE#         60
  C:0012H         LINE#         61
  C:0014H         LINE#         63
  C:0014H         LINE#         65
  C:0014H         LINE#         66
  C:0016H         LINE#         67
  C:0018H         LINE#         68
  C:001AH         LINE#         69
  -------         ENDPROC       DELAY50MS
  -------         PROC          DELAY100MS
  -------         DO            
  D:0007H         SYMBOL        i
  D:0006H         SYMBOL        j
  D:0005H         SYMBOL        k
  -------         ENDDO         
  C:BFEEH         LINE#         79
  C:BFEEH         LINE#         80
  C:BFEEH         LINE#         83
  C:BFF0H         LINE#         84
  C:BFF2H         LINE#         85
  C:BFF4H         LINE#         87
  C:BFF4H         LINE#         89
  C:BFF4H         LINE#         90
  C:BFF6H         LINE#         91
  C:BFF8H         LINE#         92
  C:BFFAH         LINE#         93
  -------         ENDPROC       DELAY100MS
  -------         PROC          DELAY1000MS
  -------         DO            
  D:0007H         SYMBOL        i
  D:0006H         SYMBOL        j
  D:0005H         SYMBOL        k
  -------         ENDDO         
  C:BFFBH         LINE#         151
  C:BFFBH         LINE#         152
  C:BFFBH         LINE#         155
  C:BFFDH         LINE#         156
  C:BFFFH         LINE#         157
  C:C001H         LINE#         159
  C:C001H         LINE#         161
  C:C001H         LINE#         162
  C:C003H         LINE#         163
  C:C005H         LINE#         164
  C:C007H         LINE#         165
  -------         ENDPROC       DELAY1000MS
  -------         ENDMOD        DELAY

  -------         MODULE        DOWNLOAD
  C:0000H         SYMBOL        _ICE_DUMMY_
  D:0080H         PUBLIC        P0
  D:0090H         PUBLIC        P1
  D:00A0H         PUBLIC        P2
BL51 BANKED LINKER/LOCATER V6.22.2.0                                                  08/13/2022  23:50:26  PAGE 18


  D:00B0H         PUBLIC        P3
  D:00C0H         PUBLIC        P4
  D:00C8H         PUBLIC        P5
  D:00A8H         PUBLIC        IE
  D:00B8H         PUBLIC        IP
  D:00D8H         PUBLIC        CCON
  D:0098H         PUBLIC        SCON
  D:0088H         PUBLIC        TCON
  D:00D0H         PUBLIC        PSW
  -------         ENDMOD        DOWNLOAD

  -------         MODULE        LCD1602_CLOCK
  C:0000H         SYMBOL        _ICE_DUMMY_
  D:0038H         PUBLIC        second
  D:0080H         PUBLIC        P0
  D:0090H         PUBLIC        P1
  D:00A0H         PUBLIC        P2
  D:00B0H         PUBLIC        P3
  D:00C0H         PUBLIC        P4
  X:03C9H         PUBLIC        Max_Month_Days
  D:00C8H         PUBLIC        P5
  D:00A8H         PUBLIC        IE
  D:0039H         PUBLIC        minute
  D:003AH         PUBLIC        hour_bit_pos
  B:002BH.0       PUBLIC        isFixTime
  D:00B8H         PUBLIC        IP
  C:BB2FH         PUBLIC        lcd1602Table0
  C:BB37H         PUBLIC        lcd1602Table1
  C:BB3FH         PUBLIC        lcd1602Table2
  D:003BH         PUBLIC        hour_ten_pos
  C:BB47H         PUBLIC        lcd1602Table3
  C:BB4FH         PUBLIC        lcd1602Table4
  C:BB57H         PUBLIC        lcd1602Table5
  C:BB5FH         PUBLIC        lcd1602Table6
  D:00D8H         PUBLIC        CCON
  B:002BH.1       PUBLIC        point
  D:0098H         PUBLIC        SCON
  C:B44BH         PUBLIC        LCD1602_Clock_Update
  D:0088H         PUBLIC        TCON
  D:003CH         PUBLIC        hour
  D:003DH         PUBLIC        NowTime
  C:9EAFH         PUBLIC        LCD1602_Time_Update
  C:BA9CH         PUBLIC        LCD1602_DateTime_Update
  D:003FH         PUBLIC        minute_bit_pos
  C:8F32H         PUBLIC        _LCD1602_Number
  D:0040H         PUBLIC        minute_ten_pos
  D:00D0H         PUBLIC        PSW
  C:B64CH         SYMBOL        Com0033
  C:B64CH         SYMBOL        L?0052
  C:B64CH         SYMBOL        L?0053
  C:B653H         SYMBOL        L?0054
  C:B65FH         SYMBOL        L?0055
  C:B661H         SYMBOL        L?0056
  C:B662H         SYMBOL        L?0057
  C:B66EH         SYMBOL        L?0059
  C:B67CH         SYMBOL        L?0060
  C:B685H         SYMBOL        L?0063
BL51 BANKED LINKER/LOCATER V6.22.2.0                                                  08/13/2022  23:50:26  PAGE 19


  C:B685H         SYMBOL        L?0064
  C:B687H         SYMBOL        L?0065
  C:B694H         SYMBOL        L?0067
  C:B696H         SYMBOL        L?0068
  C:B69AH         SYMBOL        L?0069
  C:B6A3H         SYMBOL        L?0070
  C:B6A3H         SYMBOL        L?0071
  C:B6A5H         SYMBOL        L?0072
  C:B6ACH         SYMBOL        L?0075
  C:B6B1H         SYMBOL        L?0076
  C:B6BAH         SYMBOL        L?0077
  C:B6C3H         SYMBOL        L?0081
  C:B6D3H         SYMBOL        L?0083
  -------         PROC          COM0033
  -------         ENDPROC       COM0033
  C:9042H         SYMBOL        L?0043
  C:9096H         SYMBOL        L?0044
  C:90D0H         SYMBOL        L?0045
  C:90FBH         SYMBOL        L?0046
  C:9112H         SYMBOL        L?0047
  C:913EH         SYMBOL        L?0048
  C:9154H         SYMBOL        L?0049
  C:916AH         SYMBOL        L?0050
  C:9194H         SYMBOL        L?0058
  C:91ABH         SYMBOL        L?0061
  C:91BFH         SYMBOL        L?0062
  C:91D3H         SYMBOL        L?0066
  C:91E1H         SYMBOL        L?0073
  C:91F5H         SYMBOL        L?0074
  C:91FDH         SYMBOL        L?0082
  -------         PROC          _LCD1602_NUMBER
  D:0030H         SYMBOL        column_change
  D:0005H         SYMBOL        number
  C:8F32H         LINE#         55
  C:8F34H         LINE#         56
  C:8F34H         LINE#         57
  C:8F62H         LINE#         58
  C:8F62H         LINE#         59
  C:8F62H         LINE#         60
  C:8F68H         LINE#         61
  C:8F6BH         LINE#         62
  C:8F6BH         LINE#         63
  C:8F6BH         LINE#         64
  C:8F6BH         LINE#         65
  C:8F6EH         LINE#         66
  C:8F6EH         LINE#         67
  C:8F76H         LINE#         68
  C:8F79H         LINE#         69
  C:8F81H         LINE#         70
  C:8F89H         LINE#         71
  C:8F8CH         LINE#         72
  C:8F92H         LINE#         73
  C:8F95H         LINE#         74
  C:8F95H         LINE#         75
  C:8F95H         LINE#         76
  C:8F95H         LINE#         77
  C:8F98H         LINE#         78
BL51 BANKED LINKER/LOCATER V6.22.2.0                                                  08/13/2022  23:50:26  PAGE 20


  C:8F98H         LINE#         79
  C:8F9BH         LINE#         80
  C:8FA1H         LINE#         81
  C:8FA4H         LINE#         82
  C:8FA4H         LINE#         83
  C:8FA7H         LINE#         84
  C:8FADH         LINE#         85
  C:8FADH         LINE#         86
  C:8FADH         LINE#         87
  C:8FADH         LINE#         88
  C:8FB0H         LINE#         89
  C:8FB3H         LINE#         90
  C:8FB3H         LINE#         91
  C:8FB3H         LINE#         92
  C:8FB9H         LINE#         93
  C:8FBCH         LINE#         94
  C:8FC7H         LINE#         95
  C:8FCCH         LINE#         96
  C:8FCFH         LINE#         97
  C:8FD2H         LINE#         98
  C:8FD2H         LINE#         99
  C:8FD2H         LINE#         100
  C:8FD2H         LINE#         101
  C:8FD7H         LINE#         102
  C:8FDDH         LINE#         103
  C:8FDDH         LINE#         104
  C:8FE0H         LINE#         105
  C:8FE3H         LINE#         106
  C:8FE3H         LINE#         107
  C:8FE3H         LINE#         108
  C:8FE3H         LINE#         109
  C:8FEBH         LINE#         110
  C:8FFAH         LINE#         111
  C:8FFAH         LINE#         112
  C:8FFDH         LINE#         113
  C:9000H         LINE#         114
  C:9000H         LINE#         115
  C:9000H         LINE#         116
  C:9000H         LINE#         117
  C:9008H         LINE#         118
  C:9013H         LINE#         119
  C:901AH         LINE#         120
  C:901DH         LINE#         121
  C:9020H         LINE#         122
  C:9020H         LINE#         123
  C:9020H         LINE#         124
  C:9028H         LINE#         125
  C:902BH         LINE#         126
  C:902BH         LINE#         127
  C:902EH         LINE#         128
  C:9031H         LINE#         129
  C:9033H         LINE#         130
  C:9033H         LINE#         131
  C:9033H         LINE#         132
  C:9039H         LINE#         133
  C:9039H         LINE#         134
  C:9039H         LINE#         135
BL51 BANKED LINKER/LOCATER V6.22.2.0                                                  08/13/2022  23:50:26  PAGE 21


  C:9039H         LINE#         136
  C:9041H         LINE#         137
  C:9041H         LINE#         138
  C:9041H         LINE#         139
  -------         ENDPROC       _LCD1602_NUMBER
  -------         PROC          LCD1602_TIME_UPDATE
  C:9EAFH         LINE#         148
  C:9EAFH         LINE#         149
  C:9EAFH         LINE#         152
  C:9ECFH         LINE#         153
  C:9ECFH         LINE#         154
  C:9ED5H         LINE#         155
  C:9ED7H         LINE#         156
  C:9EDDH         LINE#         157
  C:9EDDH         LINE#         169
  C:9EF7H         LINE#         170
  C:9EF7H         LINE#         171
  C:9EF7H         LINE#         172
  C:9EF7H         LINE#         173
  C:9EF9H         LINE#         175
  C:9F13H         LINE#         176
  C:9F13H         LINE#         177
  C:9F15H         LINE#         178
  C:9F17H         LINE#         179
  C:9F19H         LINE#         180
  C:9F19H         LINE#         182
  C:9F1BH         LINE#         183
  C:9F1DH         LINE#         184
  C:9F27H         LINE#         185
  C:9F29H         LINE#         186
  C:9F2BH         LINE#         187
  C:9F2DH         LINE#         188
  C:9F35H         LINE#         189
  C:9F37H         LINE#         190
  C:9F39H         LINE#         191
  C:9F43H         LINE#         192
  C:9F45H         LINE#         193
  C:9F47H         LINE#         194
  C:9F6BH         LINE#         195
  C:9F6EH         LINE#         196
  C:9F70H         LINE#         197
  C:9F7AH         LINE#         198
  C:9F7DH         LINE#         199
  C:9F85H         LINE#         200
  C:9F85H         LINE#         201
  C:9F85H         LINE#         202
  C:9F85H         LINE#         203
  C:9F85H         LINE#         204
  C:9F85H         LINE#         206
  C:9FA2H         LINE#         213
  C:9FBBH         LINE#         214
  C:9FC0H         LINE#         215
  C:9FC3H         LINE#         216
  C:9FCBH         LINE#         218
  C:9FD4H         LINE#         219
  C:9FDDH         LINE#         221
  C:9FE6H         LINE#         222
BL51 BANKED LINKER/LOCATER V6.22.2.0                                                  08/13/2022  23:50:26  PAGE 22


  C:9FEFH         LINE#         225
  C:9FF8H         LINE#         226
  C:A001H         LINE#         228
  C:A00AH         LINE#         229
  C:A013H         LINE#         231
  C:A01CH         LINE#         232
  C:A025H         LINE#         235
  -------         ENDPROC       LCD1602_TIME_UPDATE
  C:B4E2H         SYMBOL        L?0078
  C:B4EEH         SYMBOL        L?0080
  -------         PROC          LCD1602_CLOCK_UPDATE
  C:B44BH         LINE#         245
  C:B44BH         LINE#         246
  C:B44BH         LINE#         247
  C:B459H         LINE#         248
  C:B465H         LINE#         249
  C:B46BH         LINE#         250
  C:B475H         LINE#         252
  C:B47FH         LINE#         253
  C:B489H         LINE#         254
  C:B493H         LINE#         255
  C:B49DH         LINE#         257
  C:B4A0H         LINE#         258
  C:B4A7H         LINE#         259
  C:B4AFH         LINE#         260
  C:B4B9H         LINE#         261
  C:B4BCH         LINE#         262
  C:B4BEH         LINE#         263
  C:B4C8H         LINE#         264
  C:B4CFH         LINE#         265
  C:B4D7H         LINE#         266
  C:B4E1H         LINE#         267
  C:B4E1H         LINE#         268
  -------         ENDPROC       LCD1602_CLOCK_UPDATE
  C:BACAH         SYMBOL        L?0079
  C:BAD8H         SYMBOL        L?0084
  -------         PROC          LCD1602_DATETIME_UPDATE
  C:BA9CH         LINE#         277
  C:BA9CH         LINE#         278
  C:BA9CH         LINE#         279
  C:BA9EH         LINE#         280
  C:BAA6H         LINE#         281
  C:BAA8H         LINE#         282
  C:BAB0H         LINE#         283
  C:BABDH         LINE#         284
  C:BACAH         LINE#         285
  -------         ENDPROC       LCD1602_DATETIME_UPDATE
  -------         ENDMOD        LCD1602_CLOCK

  -------         MODULE        TIMER
  C:0000H         SYMBOL        _ICE_DUMMY_
  D:0080H         PUBLIC        P0
  D:0090H         PUBLIC        P1
  D:00A0H         PUBLIC        P2
  D:00B0H         PUBLIC        P3
  D:00C0H         PUBLIC        P4
  D:00C8H         PUBLIC        P5
BL51 BANKED LINKER/LOCATER V6.22.2.0                                                  08/13/2022  23:50:26  PAGE 23


  D:00A8H         PUBLIC        IE
  D:00B8H         PUBLIC        IP
  D:00D8H         PUBLIC        CCON
  D:0098H         PUBLIC        SCON
  D:0089H         PUBLIC        TMOD
  D:0088H         PUBLIC        TCON
  D:008EH         PUBLIC        AUXR
  B:00A8H.3       PUBLIC        ET1
  B:0088H.7       PUBLIC        TF1
  C:BEBCH         PUBLIC        Timer1Init
  D:008DH         PUBLIC        TH1
  D:008BH         PUBLIC        TL1
  B:0088H.6       PUBLIC        TR1
  C:C008H         PUBLIC        Timer1_Reload
  D:00D0H         PUBLIC        PSW
  -------         PROC          TIMER1INIT
  C:BEBCH         LINE#         4
  C:BEBCH         LINE#         5
  C:BEBCH         LINE#         6
  C:BEBFH         LINE#         7
  C:BEC2H         LINE#         8
  C:BEC5H         LINE#         9
  C:BEC8H         LINE#         10
  C:BECBH         LINE#         11
  C:BECDH         LINE#         12
  C:BECFH         LINE#         14
  C:BED1H         LINE#         15
  -------         ENDPROC       TIMER1INIT
  -------         PROC          TIMER1_RELOAD
  C:C008H         LINE#         17
  C:C008H         LINE#         18
  C:C008H         LINE#         19
  C:C00AH         LINE#         20
  C:C00CH         LINE#         21
  C:C00FH         LINE#         22
  C:C012H         LINE#         23
  C:C014H         LINE#         24
  -------         ENDPROC       TIMER1_RELOAD
  -------         ENDMOD        TIMER

  -------         MODULE        LCD1602_MENU
  C:0000H         SYMBOL        _ICE_DUMMY_
  C:6D6EH         PUBLIC        Menu_TASK2_CTRL_Stop
  C:6DB2H         PUBLIC        Menu_TASK3_CTRL_Stop
  D:0008H         PUBLIC        Menu_Edit
  D:0080H         PUBLIC        P0
  C:6DF6H         PUBLIC        Menu_TASK4_CTRL_Stop
  D:0090H         PUBLIC        P1
  C:6E3AH         PUBLIC        Menu_TASK5_CTRL_Stop
  D:00A0H         PUBLIC        P2
  C:6E7EH         PUBLIC        Menu_TASK6_CTRL_Stop
  D:0009H         PUBLIC        Menu_Edit_Tips
  D:00B0H         PUBLIC        P3
  B:002BH.2       PUBLIC        Menu_Edit_Show
  D:00C0H         PUBLIC        P4
  C:708FH         PUBLIC        TASK_OverTime_AutoReset_OFF
  D:00C8H         PUBLIC        P5
BL51 BANKED LINKER/LOCATER V6.22.2.0                                                  08/13/2022  23:50:26  PAGE 24


  B:00A8H.7       PUBLIC        EA
  C:C06FH         PUBLIC        RETURN_1_5
  C:BE8EH         PUBLIC        TASK1_SET_2_13
  C:70B1H         PUBLIC        table
  C:705CH         PUBLIC        AP_IP
  D:000AH         PUBLIC        LCD1602_First_Line_6
  C:6D08H         PUBLIC        Menu_TASK1_CTRL_Run
  C:6C5EH         PUBLIC        Menu_PORT_SET
  C:BE5EH         PUBLIC        TASK2_SET_2_14
  C:6D4CH         PUBLIC        Menu_TASK2_CTRL_Run
  C:6D90H         PUBLIC        Menu_TASK3_CTRL_Run
  C:6CC4H         PUBLIC        SYSTEM_RESET_ASK
  C:BDFAH         PUBLIC        TASK3_SET_2_15
  D:00A8H         PUBLIC        IE
  C:6DD4H         PUBLIC        Menu_TASK4_CTRL_Run
  C:6E18H         PUBLIC        Menu_TASK5_CTRL_Run
  C:BE13H         PUBLIC        TASK4_SET_2_16
  C:6E5CH         PUBLIC        Menu_TASK6_CTRL_Run
  C:6CA2H         PUBLIC        SYSTEM_RESET_Select
  C:6BE7H         PUBLIC        Menu_TASKS_SET_Select
  C:2975H         PUBLIC        TASK_OnTime_SET_3_48
  C:BE2CH         PUBLIC        TASK5_SET_2_17
  C:BE45H         PUBLIC        TASK6_SET_2_18
  C:6C3CH         PUBLIC        Menu_TASKS_CTRL
  C:6FC3H         PUBLIC        SET_TIME_AUTO
  D:00B8H         PUBLIC        IP
  C:6FA1H         PUBLIC        SET_TIME_MANUAL
  C:6CD5H         PUBLIC        SYSTEM_RESET_YES
  C:6FE5H         PUBLIC        TCP_PORT_SET_Select
  C:BF62H         PUBLIC        TIME_SET_1_3
  C:BF75H         PUBLIC        WIFI_SET_1_4
  X:0248H         PUBLIC        Time_100MS
  D:00D8H         PUBLIC        CCON
  C:BC15H         PUBLIC        TASK1_CTRL_2_6
  C:B7F0H         PUBLIC        SYSTEM_RESET_1_51
  C:7018H         PUBLIC        STA_IP_Select
  C:6C2BH         PUBLIC        RETURN_Select
  C:BC46H         PUBLIC        TASK2_CTRL_2_7
  X:0259H         PUBLIC        PIN_SET_Empty
  X:0269H         PUBLIC        PIN_SET_Input
  C:BC77H         PUBLIC        TASK3_CTRL_2_8
  X:0279H         PUBLIC        PIN_SET_Output
  C:6F06H         PUBLIC        Menu_TASK1_SET
  C:970EH         PUBLIC        TIME_SET_Manual_Set_2_37
  C:BCA8H         PUBLIC        TASK4_CTRL_2_9
  C:6F17H         PUBLIC        Menu_TASK2_SET
  C:6F28H         PUBLIC        Menu_TASK3_SET
  C:6F39H         PUBLIC        Menu_TASK4_SET
  C:6F4AH         PUBLIC        Menu_TASK5_SET
  C:6F5BH         PUBLIC        Menu_TASK6_SET
  C:6F8EH         PUBLIC        Trigger_Mode_Empty
  C:9B44H         PUBLIC        TCP_PORT_SET_2_40
  D:0098H         PUBLIC        SCON
  D:0088H         PUBLIC        TCON
  C:BF4FH         PUBLIC        PORT_SET_1_2
  X:0289H         PUBLIC        TASK_StartTime
  C:001EH         PUBLIC        RETURN_2_12
BL51 BANKED LINKER/LOCATER V6.22.2.0                                                  08/13/2022  23:50:26  PAGE 25


  C:6C1AH         PUBLIC        Menu_WIFI_SET_Select
  C:6C09H         PUBLIC        Menu_TIME_SET_Select
  C:BB67H         PUBLIC        STA_IP_2_41
  C:70A0H         PUBLIC        TASK_OverTime_AutoReset_Empty
  C:C076H         PUBLIC        RETURN_3_50
  D:000DH         PUBLIC        current_operation_index
  D:0010H         PUBLIC        LCD1602_First_Line_16
  C:BF88H         PUBLIC        RETURN_2_43
  C:C07DH         PUBLIC        RETURN_2_36
  X:029AH         PUBLIC        TASK_EndTime
  C:0003H         PUBLIC        RETURN_2_19
  C:BF29H         PUBLIC        TASKS_CTRL_1_0
  C:C081H         PUBLIC        RETURN_2_39
  C:6D19H         PUBLIC        Menu_TASK1_CTRL_Stop_Select
  X:02ABH         PUBLIC        TASK_OffTime
  C:6D5DH         PUBLIC        Menu_TASK2_CTRL_Stop_Select
  D:00C7H         PUBLIC        IAP_CONTR
  C:6DA1H         PUBLIC        Menu_TASK3_CTRL_Stop_Select
  X:02BCH         PUBLIC        TASK_OverTime
  C:6DE5H         PUBLIC        Menu_TASK4_CTRL_Stop_Select
  C:707EH         PUBLIC        TASK_OverTime_AutoReset_ON
  C:6E29H         PUBLIC        Menu_TASK5_CTRL_Stop_Select
  C:6E6DH         PUBLIC        Menu_TASK6_CTRL_Stop_Select
  C:7007H         PUBLIC        TCP_SERVER_PORT
  D:0013H         PUBLIC        LCD1602_Second_Line
  C:B874H         PUBLIC        LCD1602_Show_Current_Page
  C:6CE6H         PUBLIC        SYSTEM_RESET_NO
  C:703AH         PUBLIC        STA_IP_ADDRESS
  C:6CB3H         PUBLIC        SYSTEM_RESET
  C:6C4DH         PUBLIC        Menu_TASKS_SET
  X:02CDH         PUBLIC        TASK_SET_Number
  C:704BH         PUBLIC        AP_IP_Select
  C:6F6CH         PUBLIC        Trigger_Mode_0
  C:6CF7H         PUBLIC        Menu_TASK1_CTRL_Run_Select
  C:6BF8H         PUBLIC        Menu_PORT_SET_Select
  C:6F7DH         PUBLIC        Trigger_Mode_1
  C:6D3BH         PUBLIC        Menu_TASK2_CTRL_Run_Select
  C:6D7FH         PUBLIC        Menu_TASK3_CTRL_Run_Select
  C:6DC3H         PUBLIC        Menu_TASK4_CTRL_Run_Select
  C:6E07H         PUBLIC        Menu_TASK5_CTRL_Run_Select
  C:BCD9H         PUBLIC        TASK5_CTRL_2_10
  C:6E4BH         PUBLIC        Menu_TASK6_CTRL_Run_Select
  C:BD0AH         PUBLIC        TASK6_CTRL_2_11
  I:00AAH         PUBLIC        Pin10_Number
  I:00ABH         PUBLIC        Pin20_Number
  I:00ACH         PUBLIC        Pin11_Number
  I:00ADH         PUBLIC        Pin21_Number
  I:00AEH         PUBLIC        Pin12_Number
  I:00AFH         PUBLIC        Pin22_Number
  I:00B0H         PUBLIC        Pin13_Number
  I:00B1H         PUBLIC        Pin23_Number
  I:00B2H         PUBLIC        Pin14_Number
  C:6BD6H         PUBLIC        Menu_TASKS_CTRL_Select
  I:00B3H         PUBLIC        Pin24_Number
  I:00B4H         PUBLIC        Pin15_Number
  X:02CEH         PUBLIC        TCP_PORT_Number
  C:6FF6H         PUBLIC        TCP_PORT_SET
BL51 BANKED LINKER/LOCATER V6.22.2.0                                                  08/13/2022  23:50:26  PAGE 26


  I:00B5H         PUBLIC        Pin16_Number
  C:6FD4H         PUBLIC        SET_TIME_AUTO_Select
  C:A026H         PUBLIC        LCD1602_Menu_Update
  I:00B6H         PUBLIC        Pin35_Number
  I:00B7H         PUBLIC        Pin17_Number
  I:00B8H         PUBLIC        Pin36_Number
  C:6F9FH         PUBLIC        Empty_Number
  I:00B9H         PUBLIC        Pin37_Number
  D:0016H         PUBLIC        Menu_Edit_Value
  C:9206H         PUBLIC        TASK_StartTime_SET_3_44
  C:7029H         PUBLIC        STA_IP
  C:6C91H         PUBLIC        RETURN
  C:6FB2H         PUBLIC        SET_TIME_MANUAL_Select
  B:002BH.3       PUBLIC        isReset
  C:BBA3H         PUBLIC        AP_IP_2_42
  X:02DFH         PUBLIC        TASK_OnTime
  C:BDD8H         PUBLIC        TIME_SET_Auto_Set_2_38
  X:02F0H         PUBLIC        Time_Minute
  C:948AH         PUBLIC        TASK_EndTime_SET_3_45
  C:A77AH         PUBLIC        PIN10_SET_2_20
  X:0301H         PUBLIC        SET_DATE
  C:A869H         PUBLIC        PIN11_SET_2_21
  C:6EA0H         PUBLIC        Menu_TASK1_SET_Select
  C:AFE1H         PUBLIC        PIN22_SET_2_30
  C:A958H         PUBLIC        PIN12_SET_2_22
  C:6EB1H         PUBLIC        Menu_TASK2_SET_Select
  C:1B00H         PUBLIC        TASK_OverTime_SET_3_46
  C:6EC2H         PUBLIC        Menu_TASK3_SET_Select
  C:0026H         PUBLIC        TASK_OffTime_SET_3_49
  C:B0D0H         PUBLIC        PIN23_SET_2_31
  C:AA47H         PUBLIC        PIN13_SET_2_23
  C:6ED3H         PUBLIC        Menu_TASK4_SET_Select
  D:0017H         PUBLIC        Menu_Index
  C:6EE4H         PUBLIC        Menu_TASK5_SET_Select
  D:0018H         PUBLIC        Menu_Flag
  C:B1BFH         PUBLIC        PIN24_SET_2_32
  C:AB36H         PUBLIC        PIN14_SET_2_24
  C:706DH         PUBLIC        AP_IP_ADDRESS
  C:6EF5H         PUBLIC        Menu_TASK6_SET_Select
  C:6E8FH         PUBLIC        Menu_Empty_Line
  D:0019H         PUBLIC        LCD1602_First_Line
  C:A598H         PUBLIC        PIN20_SET_2_28
  C:6C80H         PUBLIC        Menu_WIFI_SET
  C:6C6FH         PUBLIC        Menu_TIME_SET
  C:AC25H         PUBLIC        PIN15_SET_2_25
  C:A689H         PUBLIC        PIN35_SET_2_33
  C:AEF2H         PUBLIC        PIN21_SET_2_29
  C:AD14H         PUBLIC        PIN16_SET_2_26
  C:BF3CH         PUBLIC        TASKS_SET_1_1
  C:A17CH         PUBLIC        TASK_OverTime_MODE_SET_3_47
  C:A2B2H         PUBLIC        PIN36_SET_2_34
  C:AE03H         PUBLIC        PIN17_SET_2_27
  C:A4A2H         PUBLIC        PIN37_SET_2_35
  D:00D0H         PUBLIC        PSW
  X:0312H         PUBLIC        SET_TIME
  C:6D2AH         PUBLIC        Menu_TASK1_CTRL_Stop
  C:44D4H         SYMBOL        Com05C6
BL51 BANKED LINKER/LOCATER V6.22.2.0                                                  08/13/2022  23:50:26  PAGE 27


  C:44D4H         SYMBOL        L?1479
  C:4602H         SYMBOL        L?1480
  C:4605H         SYMBOL        L?1481
  C:4609H         SYMBOL        L?1482
  C:460FH         SYMBOL        L?1483
  C:4623H         SYMBOL        L?1484
  C:462CH         SYMBOL        L?1485
  C:4631H         SYMBOL        L?1486
  C:4632H         SYMBOL        L?1487
  C:4638H         SYMBOL        L?1488
  C:463BH         SYMBOL        L?1489
  C:463EH         SYMBOL        L?1490
  C:463FH         SYMBOL        L?1491
  C:4641H         SYMBOL        L?1492
  C:4642H         SYMBOL        L?1493
  C:4645H         SYMBOL        L?1494
  C:4648H         SYMBOL        L?1495
  C:4654H         SYMBOL        L?1496
  C:4654H         SYMBOL        L?1497
  C:4657H         SYMBOL        L?1498
  C:465AH         SYMBOL        L?1499
  C:465BH         SYMBOL        L?1500
  C:4662H         SYMBOL        L?1501
  C:4672H         SYMBOL        L?1502
  C:4695H         SYMBOL        L?1503
  C:4695H         SYMBOL        L?1504
  C:46A6H         SYMBOL        L?1505
  C:46B6H         SYMBOL        L?1506
  C:46D9H         SYMBOL        L?1507
  C:46E9H         SYMBOL        L?1508
  C:470CH         SYMBOL        L?1509
  C:471CH         SYMBOL        L?1510
  C:473FH         SYMBOL        L?1511
  C:474FH         SYMBOL        L?1512
  C:4772H         SYMBOL        L?1513
  C:4782H         SYMBOL        L?1514
  C:47A5H         SYMBOL        L?1515
  C:47C8H         SYMBOL        L?1516
  C:47EBH         SYMBOL        L?1517
  C:480EH         SYMBOL        L?1518
  C:480EH         SYMBOL        L?1519
  C:4811H         SYMBOL        L?1520
  C:4820H         SYMBOL        L?1521
  C:4820H         SYMBOL        L?1522
  C:4823H         SYMBOL        L?1523
  C:4832H         SYMBOL        L?1524
  C:4832H         SYMBOL        L?1525
  C:4835H         SYMBOL        L?1526
  C:4844H         SYMBOL        L?1527
  C:4844H         SYMBOL        L?1528
  C:4846H         SYMBOL        L?1529
  C:484FH         SYMBOL        L?1530
  C:4859H         SYMBOL        L?1531
  C:485EH         SYMBOL        L?1532
  C:4860H         SYMBOL        L?1533
  C:4863H         SYMBOL        L?1534
  C:486EH         SYMBOL        L?1535
BL51 BANKED LINKER/LOCATER V6.22.2.0                                                  08/13/2022  23:50:26  PAGE 28


  C:486EH         SYMBOL        L?1536
  C:4871H         SYMBOL        L?1537
  C:4880H         SYMBOL        L?1538
  C:4880H         SYMBOL        L?1539
  C:48A1H         SYMBOL        L?1540
  C:48A4H         SYMBOL        L?1541
  C:48ADH         SYMBOL        L?1542
  C:48B4H         SYMBOL        L?1543
  C:48B4H         SYMBOL        L?1544
  C:48BDH         SYMBOL        L?1545
  C:48BDH         SYMBOL        L?1546
  C:48C0H         SYMBOL        L?1547
  C:48CFH         SYMBOL        L?1548
  C:48CFH         SYMBOL        L?1549
  C:48D2H         SYMBOL        L?1550
  C:48DAH         SYMBOL        L?1551
  C:48DAH         SYMBOL        L?1552
  C:48DCH         SYMBOL        L?1553
  C:48E8H         SYMBOL        L?1554
  C:48E8H         SYMBOL        L?1555
  C:48EBH         SYMBOL        L?1556
  C:48FAH         SYMBOL        L?1557
  C:48FAH         SYMBOL        L?1558
  C:48FCH         SYMBOL        L?1559
  C:4908H         SYMBOL        L?1560
  C:4908H         SYMBOL        L?1561
  C:4912H         SYMBOL        L?1562
  C:4912H         SYMBOL        L?1563
  C:491CH         SYMBOL        L?1564
  C:491CH         SYMBOL        L?1565
  C:491FH         SYMBOL        L?1566
  C:492EH         SYMBOL        L?1567
  C:492EH         SYMBOL        L?1568
  C:4930H         SYMBOL        L?1569
  C:493CH         SYMBOL        L?1570
  C:493CH         SYMBOL        L?1571
  C:493FH         SYMBOL        L?1572
  C:494EH         SYMBOL        L?1573
  C:494EH         SYMBOL        L?1574
  C:4956H         SYMBOL        L?1575
  C:4965H         SYMBOL        L?1576
  C:4965H         SYMBOL        L?1577
  C:4967H         SYMBOL        L?1578
  C:4973H         SYMBOL        L?1579
  C:4973H         SYMBOL        L?1580
  C:4976H         SYMBOL        L?1581
  C:4985H         SYMBOL        L?1582
  C:498EH         SYMBOL        L?1583
  C:499DH         SYMBOL        L?1584
  C:499DH         SYMBOL        L?1585
  C:499FH         SYMBOL        L?1586
  C:49ABH         SYMBOL        L?1587
  C:49ABH         SYMBOL        L?1588
  C:49AEH         SYMBOL        L?1589
  C:49BDH         SYMBOL        L?1590
  C:49BDH         SYMBOL        L?1591
  C:49C4H         SYMBOL        L?1592
BL51 BANKED LINKER/LOCATER V6.22.2.0                                                  08/13/2022  23:50:26  PAGE 29


  C:49CBH         SYMBOL        L?1593
  C:49CBH         SYMBOL        L?1594
  C:49D8H         SYMBOL        L?1595
  C:49D8H         SYMBOL        L?1596
  C:49E2H         SYMBOL        L?1597
  C:49E2H         SYMBOL        L?1598
  C:49E5H         SYMBOL        L?1599
  C:49F0H         SYMBOL        L?1600
  C:49F0H         SYMBOL        L?1601
  C:49FAH         SYMBOL        L?1602
  C:49FAH         SYMBOL        L?1603
  C:4A04H         SYMBOL        L?1604
  C:4A04H         SYMBOL        L?1605
  C:4A07H         SYMBOL        L?1606
  C:4A16H         SYMBOL        L?1607
  C:4A16H         SYMBOL        L?1608
  C:4A18H         SYMBOL        L?1609
  C:4A24H         SYMBOL        L?1610
  C:4A2FH         SYMBOL        L?1611
  C:4A2FH         SYMBOL        L?1612
  C:4A39H         SYMBOL        L?1613
  C:4A39H         SYMBOL        L?1614
  C:4A3CH         SYMBOL        L?1615
  C:4A4BH         SYMBOL        L?1616
  C:4A4BH         SYMBOL        L?1617
  C:4A4EH         SYMBOL        L?1618
  C:4A55H         SYMBOL        L?1619
  C:4A58H         SYMBOL        L?1620
  C:4A63H         SYMBOL        L?1621
  C:4A63H         SYMBOL        L?1622
  C:4A6AH         SYMBOL        L?1623
  C:4A6AH         SYMBOL        L?1624
  C:4A6CH         SYMBOL        L?1625
  C:4A78H         SYMBOL        L?1626
  C:4A78H         SYMBOL        L?1627
  C:4A7FH         SYMBOL        L?1628
  C:4A8BH         SYMBOL        L?1629
  C:4A8BH         SYMBOL        L?1630
  C:4A8EH         SYMBOL        L?1631
  C:4A99H         SYMBOL        L?1632
  C:4A99H         SYMBOL        L?1633
  C:4AA3H         SYMBOL        L?1634
  C:4AA3H         SYMBOL        L?1635
  C:4AADH         SYMBOL        L?1636
  C:4AADH         SYMBOL        L?1637
  C:4AB7H         SYMBOL        L?1638
  C:4AB7H         SYMBOL        L?1639
  C:4AC1H         SYMBOL        L?1640
  C:4AC1H         SYMBOL        L?1641
  C:4AC4H         SYMBOL        L?1642
  C:4AD3H         SYMBOL        L?1643
  C:4AD3H         SYMBOL        L?1644
  C:4ADAH         SYMBOL        L?1645
  C:4ADAH         SYMBOL        L?1646
  C:4ADDH         SYMBOL        L?1647
  C:4AF0H         SYMBOL        L?1648
  C:4AF9H         SYMBOL        L?1649
BL51 BANKED LINKER/LOCATER V6.22.2.0                                                  08/13/2022  23:50:26  PAGE 30


  C:4AF9H         SYMBOL        L?1650
  C:4AFEH         SYMBOL        L?1651
  C:4B07H         SYMBOL        L?1652
  C:4B07H         SYMBOL        L?1653
  C:4B0EH         SYMBOL        L?1654
  C:4B0EH         SYMBOL        L?1655
  C:4B15H         SYMBOL        L?1656
  C:4B24H         SYMBOL        L?1657
  C:4B2BH         SYMBOL        L?1658
  C:4B2BH         SYMBOL        L?1659
  C:4B32H         SYMBOL        L?1660
  C:4B32H         SYMBOL        L?1661
  C:4B39H         SYMBOL        L?1662
  C:4B42H         SYMBOL        L?1663
  C:4B42H         SYMBOL        L?1664
  C:4B49H         SYMBOL        L?1665
  C:4B49H         SYMBOL        L?1666
  C:4B50H         SYMBOL        L?1667
  C:4B50H         SYMBOL        L?1668
  C:4B57H         SYMBOL        L?1669
  C:4B57H         SYMBOL        L?1670
  C:4B5EH         SYMBOL        L?1671
  C:4B5EH         SYMBOL        L?1672
  C:4B61H         SYMBOL        L?1673
  C:4B6CH         SYMBOL        L?1674
  C:4B75H         SYMBOL        L?1675
  C:4B75H         SYMBOL        L?1676
  C:4B89H         SYMBOL        L?1677
  C:4B92H         SYMBOL        L?1678
  C:4BA1H         SYMBOL        L?1679
  C:4BAAH         SYMBOL        L?1680
  C:4BB6H         SYMBOL        L?1681
  C:4BBEH         SYMBOL        L?1682
  C:4BBEH         SYMBOL        L?1683
  C:4BCBH         SYMBOL        L?1684
  C:4BD4H         SYMBOL        L?1685
  C:4BE0H         SYMBOL        L?1686
  C:4BE8H         SYMBOL        L?1687
  C:4BE8H         SYMBOL        L?1688
  C:4BF2H         SYMBOL        L?1689
  C:4BF2H         SYMBOL        L?1690
  C:4BFCH         SYMBOL        L?1691
  C:4BFCH         SYMBOL        L?1692
  C:4C06H         SYMBOL        L?1693
  C:4C06H         SYMBOL        L?1694
  C:4C10H         SYMBOL        L?1695
  C:4C10H         SYMBOL        L?1696
  C:4C1AH         SYMBOL        L?1697
  C:4C1AH         SYMBOL        L?1698
  C:4C24H         SYMBOL        L?1699
  C:4C24H         SYMBOL        L?1700
  C:4C2EH         SYMBOL        L?1701
  C:4C2EH         SYMBOL        L?1702
  C:4C38H         SYMBOL        L?1703
  C:4C38H         SYMBOL        L?1704
  C:4C42H         SYMBOL        L?1705
  C:4C42H         SYMBOL        L?1706
BL51 BANKED LINKER/LOCATER V6.22.2.0                                                  08/13/2022  23:50:26  PAGE 31


  C:4C4CH         SYMBOL        L?1707
  C:4C4CH         SYMBOL        L?1708
  C:4C56H         SYMBOL        L?1709
  C:4C56H         SYMBOL        L?1710
  C:4C60H         SYMBOL        L?1711
  C:4C60H         SYMBOL        L?1712
  C:4C6AH         SYMBOL        L?1713
  C:4C6AH         SYMBOL        L?1714
  C:4C74H         SYMBOL        L?1715
  C:4C74H         SYMBOL        L?1716
  C:4C7EH         SYMBOL        L?1717
  C:4C7EH         SYMBOL        L?1718
  C:4C88H         SYMBOL        L?1719
  C:4C90H         SYMBOL        L?1720
  C:4C97H         SYMBOL        L?1721
  C:4C97H         SYMBOL        L?1722
  C:4C9EH         SYMBOL        L?1723
  C:4CA7H         SYMBOL        L?1724
  C:4CA7H         SYMBOL        L?1725
  C:4CB2H         SYMBOL        L?1726
  C:4CC4H         SYMBOL        L?1727
  C:4CC4H         SYMBOL        L?1728
  C:4CCBH         SYMBOL        L?1729
  C:4CCBH         SYMBOL        L?1730
  C:4CD3H         SYMBOL        L?1731
  C:4CD3H         SYMBOL        L?1732
  C:4CDBH         SYMBOL        L?1733
  C:4CEAH         SYMBOL        L?1734
  C:4CEAH         SYMBOL        L?1735
  C:4CF1H         SYMBOL        L?1736
  C:4CF1H         SYMBOL        L?1737
  C:4CF8H         SYMBOL        L?1738
  C:4CF8H         SYMBOL        L?1739
  C:4CFFH         SYMBOL        L?1740
  C:4D00H         SYMBOL        L?1741
  C:4D08H         SYMBOL        L?1742
  C:4D15H         SYMBOL        L?1743
  C:4D21H         SYMBOL        L?1744
  C:4D21H         SYMBOL        L?1745
  C:4D28H         SYMBOL        L?1746
  C:4D32H         SYMBOL        L?1747
  C:4D3CH         SYMBOL        L?1748
  C:4D46H         SYMBOL        L?1749
  C:4D50H         SYMBOL        L?1750
  C:4D5AH         SYMBOL        L?1751
  C:4D64H         SYMBOL        L?1752
  C:4D6EH         SYMBOL        L?1753
  C:4D78H         SYMBOL        L?1754
  C:4D82H         SYMBOL        L?1755
  C:4D8CH         SYMBOL        L?1756
  C:4D96H         SYMBOL        L?1757
  C:4DA0H         SYMBOL        L?1758
  C:4DAAH         SYMBOL        L?1759
  C:4DB4H         SYMBOL        L?1760
  -------         PROC          COM05C6
  -------         ENDPROC       COM05C6
  -------         PROC          LCD1602_MENU_UPDATE
BL51 BANKED LINKER/LOCATER V6.22.2.0                                                  08/13/2022  23:50:26  PAGE 32


  C:A026H         LINE#         444
  C:A026H         LINE#         445
  C:A026H         LINE#         448
  C:A02EH         LINE#         449
  C:A02EH         LINE#         450
  C:A030H         LINE#         451
  C:A032H         LINE#         452
  C:A032H         LINE#         456
  C:A042H         LINE#         457
  C:A042H         LINE#         458
  C:A042H         LINE#         459
  C:A055H         LINE#         460
  C:A055H         LINE#         461
  C:A055H         LINE#         462
  C:A055H         LINE#         463
  C:A057H         LINE#         464
  C:A057H         LINE#         465
  C:A057H         LINE#         466
  C:A059H         LINE#         467
  C:A059H         LINE#         468
  C:A059H         LINE#         469
  C:A05BH         LINE#         470
  C:A05BH         LINE#         471
  C:A05BH         LINE#         472
  C:A05DH         LINE#         473
  C:A05DH         LINE#         475
  C:A05DH         LINE#         476
  C:A05DH         LINE#         477
  C:A06BH         LINE#         478
  C:A06BH         LINE#         479
  C:A06BH         LINE#         481
  C:A06BH         LINE#         482
  C:A06EH         LINE#         483
  C:A06EH         LINE#         484
  C:A081H         LINE#         485
  C:A081H         LINE#         486
  C:A081H         LINE#         487
  C:A081H         LINE#         488
  C:A083H         LINE#         489
  C:A083H         LINE#         490
  C:A083H         LINE#         491
  C:A085H         LINE#         492
  C:A085H         LINE#         493
  C:A085H         LINE#         494
  C:A087H         LINE#         495
  C:A087H         LINE#         496
  C:A087H         LINE#         497
  C:A089H         LINE#         498
  C:A089H         LINE#         500
  C:A089H         LINE#         501
  C:A089H         LINE#         502
  C:A097H         LINE#         503
  C:A097H         LINE#         504
  C:A097H         LINE#         507
  C:A097H         LINE#         508
  C:A09AH         LINE#         509
  C:A09AH         LINE#         512
BL51 BANKED LINKER/LOCATER V6.22.2.0                                                  08/13/2022  23:50:26  PAGE 33


  C:A0B2H         LINE#         513
[...]
  C:857EH         LINE#         998
  C:8594H         LINE#         1000
  C:8595H         LINE#         1002
  C:85A2H         LINE#         1003
  C:85B2H         LINE#         1004
  C:85C2H         LINE#         1005
  C:85D2H         LINE#         1006
  C:85E2H         LINE#         1007
  C:85F2H         LINE#         1008
  C:8602H         LINE#         1009
  C:8612H         LINE#         1011
  C:8622H         LINE#         1012
  C:8632H         LINE#         1013
  C:8642H         LINE#         1014
  C:8652H         LINE#         1015
  C:8662H         LINE#         1017
  C:8672H         LINE#         1018
  C:8682H         LINE#         1019
  C:8692H         LINE#         1020
  C:8692H         LINE#         1021
  -------         ENDPROC       TASK4_OUTPUT_UPDATE
  -------         PROC          TASK5_OUTPUT_UPDATE
  C:8693H         LINE#         1024
  C:8693H         LINE#         1025
  C:8693H         LINE#         1026
  C:8699H         LINE#         1027
  C:8699H         LINE#         1028
  C:86A3H         LINE#         1029
  C:86A3H         LINE#         1030
  C:86A3H         LINE#         1031
  C:86C9H         LINE#         1032
  C:86C9H         LINE#         1033
  C:86D2H         LINE#         1035
  C:86D5H         LINE#         1036
  C:86D5H         LINE#         1038
  C:86E7H         LINE#         1039
BL51 BANKED LINKER/LOCATER V6.22.2.0                                                  08/13/2022  23:50:26  PAGE 132


  C:86F0H         LINE#         1040
  C:86F2H         LINE#         1041
  C:86F5H         LINE#         1042
  C:86FCH         LINE#         1043
  C:86FEH         LINE#         1044
  C:86FEH         LINE#         1046
  C:8701H         LINE#         1048
  C:8713H         LINE#         1049
  C:871CH         LINE#         1050
  C:871EH         LINE#         1051
  C:8720H         LINE#         1052
  C:8727H         LINE#         1053
  C:8729H         LINE#         1054
  C:8729H         LINE#         1055
  C:8729H         LINE#         1057
  C:872BH         LINE#         1064
  C:8737H         LINE#         1066
  C:8737H         LINE#         1067
  C:8737H         LINE#         1068
  C:8737H         LINE#         1069
  C:8737H         LINE#         1072
  C:8745H         LINE#         1075
  C:8748H         LINE#         1077
  C:8752H         LINE#         1080
  C:8754H         LINE#         1082
  C:8756H         LINE#         1083
  C:8756H         LINE#         1084
  C:8756H         LINE#         1085
  C:8756H         LINE#         1086
  C:8756H         LINE#         1087
  C:8756H         LINE#         1089
  C:8756H         LINE#         1090
  C:8756H         LINE#         1091
  C:8758H         LINE#         1092
  C:8758H         LINE#         1093
  C:8758H         LINE#         1094
  C:8762H         LINE#         1095
  C:876CH         LINE#         1096
  C:876EH         LINE#         1097
  C:8770H         LINE#         1098
  C:8770H         LINE#         1103
  C:8776H         LINE#         1104
  C:8783H         LINE#         1105
  C:8793H         LINE#         1106
  C:87A3H         LINE#         1107
  C:87B3H         LINE#         1108
  C:87C3H         LINE#         1109
  C:87D3H         LINE#         1110
  C:87E3H         LINE#         1111
  C:87F3H         LINE#         1113
  C:8803H         LINE#         1114
  C:8813H         LINE#         1115
  C:8823H         LINE#         1116
  C:8833H         LINE#         1117
  C:8843H         LINE#         1119
  C:8853H         LINE#         1120
  C:8863H         LINE#         1121
BL51 BANKED LINKER/LOCATER V6.22.2.0                                                  08/13/2022  23:50:26  PAGE 133


  C:8879H         LINE#         1123
  C:887AH         LINE#         1125
  C:8887H         LINE#         1126
  C:8897H         LINE#         1127
  C:88A7H         LINE#         1128
  C:88B7H         LINE#         1129
  C:88C7H         LINE#         1130
  C:88D7H         LINE#         1131
  C:88E7H         LINE#         1132
  C:88F7H         LINE#         1134
  C:8907H         LINE#         1135
  C:8917H         LINE#         1136
  C:8927H         LINE#         1137
  C:8937H         LINE#         1138
  C:8947H         LINE#         1140
  C:8957H         LINE#         1141
  C:8967H         LINE#         1142
  C:8977H         LINE#         1143
  C:8977H         LINE#         1144
  -------         ENDPROC       TASK5_OUTPUT_UPDATE
  -------         PROC          TASK6_OUTPUT_UPDATE
  C:8978H         LINE#         1146
  C:8978H         LINE#         1147
  C:8978H         LINE#         1148
  C:897EH         LINE#         1149
  C:897EH         LINE#         1150
  C:8988H         LINE#         1151
  C:8988H         LINE#         1152
  C:8988H         LINE#         1153
  C:89AEH         LINE#         1154
  C:89AEH         LINE#         1155
  C:89B7H         LINE#         1157
  C:89BAH         LINE#         1158
  C:89BAH         LINE#         1160
  C:89CCH         LINE#         1161
  C:89D2H         LINE#         1162
  C:89D4H         LINE#         1163
  C:89D7H         LINE#         1164
  C:89DEH         LINE#         1165
  C:89E0H         LINE#         1166
  C:89E0H         LINE#         1168
  C:89E3H         LINE#         1170
  C:89F5H         LINE#         1171
  C:89FBH         LINE#         1172
  C:89FDH         LINE#         1173
  C:89FFH         LINE#         1174
  C:8A06H         LINE#         1175
  C:8A08H         LINE#         1176
  C:8A08H         LINE#         1177
  C:8A08H         LINE#         1179
  C:8A0AH         LINE#         1186
  C:8A19H         LINE#         1188
  C:8A19H         LINE#         1189
  C:8A19H         LINE#         1190
  C:8A19H         LINE#         1191
  C:8A19H         LINE#         1194
  C:8A2AH         LINE#         1197
BL51 BANKED LINKER/LOCATER V6.22.2.0                                                  08/13/2022  23:50:26  PAGE 134


  C:8A2DH         LINE#         1199
  C:8A37H         LINE#         1202
  C:8A39H         LINE#         1204
  C:8A3BH         LINE#         1205
  C:8A3BH         LINE#         1206
  C:8A3BH         LINE#         1207
  C:8A3BH         LINE#         1208
  C:8A3BH         LINE#         1209
  C:8A3BH         LINE#         1211
  C:8A3BH         LINE#         1212
  C:8A3BH         LINE#         1213
  C:8A3DH         LINE#         1214
  C:8A3DH         LINE#         1215
  C:8A3DH         LINE#         1216
  C:8A47H         LINE#         1217
  C:8A51H         LINE#         1218
  C:8A53H         LINE#         1219
  C:8A55H         LINE#         1220
  C:8A55H         LINE#         1225
  C:8A5BH         LINE#         1226
  C:8A68H         LINE#         1227
  C:8A78H         LINE#         1228
  C:8A88H         LINE#         1229
  C:8A98H         LINE#         1230
  C:8AA8H         LINE#         1231
  C:8AB8H         LINE#         1232
  C:8AC8H         LINE#         1233
  C:8AD8H         LINE#         1235
  C:8AE8H         LINE#         1236
  C:8AF8H         LINE#         1237
  C:8B08H         LINE#         1238
  C:8B18H         LINE#         1239
  C:8B28H         LINE#         1241
  C:8B38H         LINE#         1242
  C:8B48H         LINE#         1243
  C:8B5EH         LINE#         1245
  C:8B5FH         LINE#         1247
  C:8B6CH         LINE#         1248
  C:8B7CH         LINE#         1249
  C:8B8CH         LINE#         1250
  C:8B9CH         LINE#         1251
  C:8BACH         LINE#         1252
  C:8BBCH         LINE#         1253
  C:8BCCH         LINE#         1254
  C:8BDCH         LINE#         1256
  C:8BECH         LINE#         1257
  C:8BFCH         LINE#         1258
  C:8C0CH         LINE#         1259
  C:8C1CH         LINE#         1260
  C:8C2CH         LINE#         1262
  C:8C3CH         LINE#         1263
  C:8C4CH         LINE#         1264
  C:8C5CH         LINE#         1265
  C:8C5CH         LINE#         1266
  -------         ENDPROC       TASK6_OUTPUT_UPDATE
  -------         ENDMOD        RELAY

BL51 BANKED LINKER/LOCATER V6.22.2.0                                                  08/13/2022  23:50:26  PAGE 135


  -------         MODULE        EEPROM
  C:0000H         SYMBOL        _ICE_DUMMY_
  D:0080H         PUBLIC        P0
  D:0090H         PUBLIC        P1
  D:00A0H         PUBLIC        P2
  D:00B0H         PUBLIC        P3
  C:C022H         PUBLIC        _IapEraseSector
  D:00C0H         PUBLIC        P4
  D:00C8H         PUBLIC        P5
  D:00A8H         PUBLIC        IE
  C:BFAEH         PUBLIC        _IapProgramByte
  D:00C5H         PUBLIC        IAP_CMD
  D:00B8H         PUBLIC        IP
  C:C015H         PUBLIC        IapIdle
  D:00C3H         PUBLIC        IAP_ADDRH
  D:00C4H         PUBLIC        IAP_ADDRL
  D:00D8H         PUBLIC        CCON
  C:BFD1H         PUBLIC        _IapReadByte
  D:0098H         PUBLIC        SCON
  D:0088H         PUBLIC        TCON
  D:00C7H         PUBLIC        IAP_CONTR
  D:00C2H         PUBLIC        IAP_DATA
  D:00C6H         PUBLIC        IAP_TRIG
  D:00D0H         PUBLIC        PSW
  C:C05CH         SYMBOL        Com0005
  C:C05CH         SYMBOL        L?0006
  C:C060H         SYMBOL        L?0007
  -------         PROC          COM0005
  -------         ENDPROC       COM0005
  -------         PROC          IAPIDLE
  C:C015H         LINE#         12
  C:C015H         LINE#         13
  C:C015H         LINE#         14
  C:C018H         LINE#         15
  C:C01AH         LINE#         16
  C:C01CH         LINE#         17
  C:C01FH         LINE#         18
  C:C021H         LINE#         19
  -------         ENDPROC       IAPIDLE
  -------         PROC          _IAPREADBYTE
  D:0006H         SYMBOL        addr
  -------         DO            
  D:0007H         SYMBOL        dat
  -------         ENDDO         
  C:BFD1H         LINE#         27
  C:BFD1H         LINE#         28
  C:BFD1H         LINE#         31
  C:BFD4H         LINE#         32
  C:BFD7H         LINE#         33
  C:BFD7H         LINE#         34
  C:BFD7H         LINE#         35
  C:BFD7H         LINE#         36
  C:BFDAH         LINE#         37
  C:BFDBH         LINE#         38
  C:BFDDH         LINE#         39
  -------         ENDPROC       _IAPREADBYTE
  -------         PROC          _IAPPROGRAMBYTE
BL51 BANKED LINKER/LOCATER V6.22.2.0                                                  08/13/2022  23:50:26  PAGE 136


  D:0006H         SYMBOL        addr
  D:0005H         SYMBOL        dat
  C:BFAEH         LINE#         50
  C:BFAEH         LINE#         51
  C:BFAEH         LINE#         52
  C:BFB1H         LINE#         53
  C:BFB4H         LINE#         54
  C:BFB6H         LINE#         55
  C:BFB8H         LINE#         56
  C:BFBAH         LINE#         57
  C:BFBAH         LINE#         58
  C:BFBDH         LINE#         59
  C:BFBEH         LINE#         60
  -------         ENDPROC       _IAPPROGRAMBYTE
  -------         PROC          _IAPERASESECTOR
  D:0006H         SYMBOL        addr
  C:C022H         LINE#         70
  C:C022H         LINE#         71
  C:C022H         LINE#         72
  C:C025H         LINE#         73
  C:C028H         LINE#         74
  C:C028H         LINE#         75
  C:C028H         LINE#         76
  C:C028H         LINE#         77
  C:C02BH         LINE#         78
  C:C02CH         LINE#         79
  -------         ENDPROC       _IAPERASESECTOR
  -------         ENDMOD        EEPROM

  -------         MODULE        EC11
  C:0000H         SYMBOL        _ICE_DUMMY_
  D:0080H         PUBLIC        P0
  D:0090H         PUBLIC        P1
  D:00A0H         PUBLIC        P2
  D:00B0H         PUBLIC        P3
  D:00C0H         PUBLIC        P4
  D:00C8H         PUBLIC        P5
  B:00B0H.3       PUBLIC        EC11_A
  B:00B0H.4       PUBLIC        EC11_B
  D:00A8H         PUBLIC        IE
  D:00B8H         PUBLIC        IP
  D:00D8H         PUBLIC        CCON
  D:0098H         PUBLIC        SCON
  D:0088H         PUBLIC        TCON
  D:004CH         PUBLIC        EC11_Value
  D:004DH         PUBLIC        EC11_State
  C:A3ABH         PUBLIC        EC11_Scan
  D:004EH         PUBLIC        EC11_Count
  D:004FH         PUBLIC        EC11_Rate
  C:BEA5H         PUBLIC        EC11_Init
  B:002BH.4       PUBLIC        PinA_LastState
  B:002BH.5       PUBLIC        PinB_LastState
  B:00B0H.2       PUBLIC        EC11_Key
  D:0050H         PUBLIC        TimeCounter
  D:00D0H         PUBLIC        PSW
  -------         PROC          EC11_INIT
  C:BEA5H         LINE#         30
BL51 BANKED LINKER/LOCATER V6.22.2.0                                                  08/13/2022  23:50:26  PAGE 137


  C:BEA5H         LINE#         31
  C:BEA7H         LINE#         32
  C:BEA9H         LINE#         33
  C:BEABH         LINE#         35
  C:BEADH         LINE#         36
  C:BEAFH         LINE#         38
  C:BEB2H         LINE#         39
  C:BEB5H         LINE#         40
  C:BEB7H         LINE#         41
  C:BEB9H         LINE#         43
  C:BEBBH         LINE#         50
  -------         ENDPROC       EC11_INIT
  -------         PROC          EC11_SCAN
  -------         DO            
  D:004AH         SYMBOL        key_press_time
  -------         ENDDO         
  C:A3ABH         LINE#         71
  C:A3ABH         LINE#         72
  C:A3ABH         LINE#         78
  C:A3AEH         LINE#         79
  C:A3AEH         LINE#         81
  C:A3C7H         LINE#         84
  C:A3D3H         LINE#         88
  C:A3D9H         LINE#         89
  C:A3D9H         LINE#         90
  C:A3D9H         LINE#         93
  C:A3E1H         LINE#         94
  C:A3E3H         LINE#         95
  C:A3E6H         LINE#         98
  C:A3EEH         LINE#         99
  C:A3F0H         LINE#         101
  C:A3F0H         LINE#         102
  C:A3F3H         LINE#         103
  C:A3F6H         LINE#         104
  C:A3F6H         LINE#         106
  C:A3F8H         LINE#         109
  C:A40DH         LINE#         113
  C:A414H         LINE#         114
  C:A417H         LINE#         115
  C:A419H         LINE#         118
  C:A421H         LINE#         119
  C:A423H         LINE#         120
  C:A425H         LINE#         123
  C:A42DH         LINE#         125
  C:A430H         LINE#         127
  C:A430H         LINE#         130
  C:A433H         LINE#         131
  C:A433H         LINE#         132
  C:A438H         LINE#         133
  C:A438H         LINE#         143
  C:A440H         LINE#         144
  C:A442H         LINE#         145
  C:A444H         LINE#         146
  C:A447H         LINE#         147
  C:A447H         LINE#         151
  C:A452H         LINE#         152
  C:A455H         LINE#         153
BL51 BANKED LINKER/LOCATER V6.22.2.0                                                  08/13/2022  23:50:26  PAGE 138


  C:A457H         LINE#         154
  C:A45AH         LINE#         155
  C:A45AH         LINE#         160
  C:A463H         LINE#         161
  C:A46BH         LINE#         162
  C:A46EH         LINE#         163
  C:A46EH         LINE#         164
  C:A46EH         LINE#         169
  C:A479H         LINE#         170
  C:A47CH         LINE#         171
  C:A47FH         LINE#         172
  C:A481H         LINE#         173
  C:A484H         LINE#         175
  C:A486H         LINE#         176
  C:A489H         LINE#         177
  C:A489H         LINE#         180
  C:A48DH         LINE#         181
  C:A491H         LINE#         183
  C:A497H         LINE#         184
  C:A49DH         LINE#         185
  C:A49EH         LINE#         186
  C:A4A1H         LINE#         187
  C:A4A1H         LINE#         192
  -------         ENDPROC       EC11_SCAN
  -------         ENDMOD        EC11

  -------         MODULE        BUZZER
  C:0000H         SYMBOL        _ICE_DUMMY_
  D:0080H         PUBLIC        P0
  D:0090H         PUBLIC        P1
  D:00A0H         PUBLIC        P2
  D:00B0H         PUBLIC        P3
  D:00C0H         PUBLIC        P4
  D:00C8H         PUBLIC        P5
  B:00C0H.5       PUBLIC        Buzzer
  D:00A8H         PUBLIC        IE
  D:00B8H         PUBLIC        IP
  D:00D8H         PUBLIC        CCON
  D:0098H         PUBLIC        SCON
  D:0088H         PUBLIC        TCON
  B:00A8H.3       PUBLIC        ET1
  D:0051H         PUBLIC        Number
  C:BA01H         PUBLIC        Buzzer_Key_Beep
  C:C08EH         PUBLIC        Buzzer_Open
  D:00D0H         PUBLIC        PSW
  C:C067H         PUBLIC        Buzzer_Init
  -------         PROC          BUZZER_INIT
  C:C067H         LINE#         7
  C:C067H         LINE#         8
  C:C067H         LINE#         9
  C:C06AH         LINE#         10
  C:C06CH         LINE#         11
  C:C06EH         LINE#         12
  -------         ENDPROC       BUZZER_INIT
  -------         PROC          BUZZER_OPEN
  C:C08EH         LINE#         14
  C:C08EH         LINE#         15
BL51 BANKED LINKER/LOCATER V6.22.2.0                                                  08/13/2022  23:50:26  PAGE 139


  C:C08EH         LINE#         16
  C:C090H         LINE#         17
  -------         ENDPROC       BUZZER_OPEN
  -------         PROC          BUZZER_KEY_BEEP
  C:BA01H         LINE#         26
  C:BA1EH         LINE#         28
  C:BA21H         LINE#         29
  C:BA2EH         LINE#         30
  C:BA30H         LINE#         31
  C:BA32H         LINE#         32
  C:BA35H         LINE#         33
  C:BA35H         LINE#         34
  -------         ENDPROC       BUZZER_KEY_BEEP
  -------         ENDMOD        BUZZER

  -------         MODULE        ?C?SCDIV
  C:8C5DH         PUBLIC        ?C?SCDIV
  -------         ENDMOD        ?C?SCDIV

  -------         MODULE        ?C?CLDPTR
  C:8C7FH         PUBLIC        ?C?CLDPTR
  -------         ENDMOD        ?C?CLDPTR

  -------         MODULE        ?C?CLDOPTR
  C:8C98H         PUBLIC        ?C?CLDOPTR
  -------         ENDMOD        ?C?CLDOPTR

  -------         MODULE        ?C?CSTOPTR
  C:8CC5H         PUBLIC        ?C?CSTOPTR
  -------         ENDMOD        ?C?CSTOPTR

  -------         MODULE        ?C?IMUL
  C:8CE7H         PUBLIC        ?C?IMUL
  -------         ENDMOD        ?C?IMUL

  -------         MODULE        ?C?SIDIV
  C:8CF9H         PUBLIC        ?C?SIDIV
  -------         ENDMOD        ?C?SIDIV

  -------         MODULE        ?C?LMUL
  C:8D2FH         PUBLIC        ?C?LMUL
  -------         ENDMOD        ?C?LMUL

  -------         MODULE        ?C?SLDIV
  C:BAE2H         PUBLIC        ?C?SLDIV
  -------         ENDMOD        ?C?SLDIV

  -------         MODULE        ?C?SLCMP
  C:8D7EH         PUBLIC        ?C?SLCMP
  -------         ENDMOD        ?C?SLCMP

  -------         MODULE        ?C?ULCMP
  C:8D94H         PUBLIC        ?C?ULCMP
  -------         ENDMOD        ?C?ULCMP

  -------         MODULE        ?C?SLSHR
  C:8DA5H         PUBLIC        ?C?SLSHR
BL51 BANKED LINKER/LOCATER V6.22.2.0                                                  08/13/2022  23:50:26  PAGE 140


  -------         ENDMOD        ?C?SLSHR

  -------         MODULE        ?C?LSHL
  C:8DB9H         PUBLIC        ?C?LSHL
  -------         ENDMOD        ?C?LSHL

  -------         MODULE        ?C?LSTXDATA
  C:8DCCH         PUBLIC        ?C?LSTXDATA
  -------         ENDMOD        ?C?LSTXDATA

  -------         MODULE        ?C?LSTKXDATA
  C:8DD8H         PUBLIC        ?C?LSTKXDATA
  -------         ENDMOD        ?C?LSTKXDATA

  -------         MODULE        ?C?ICALL
  C:8E09H         PUBLIC        ?C?ICALL
  C:8E0DH         PUBLIC        ?C?ICALL2
  -------         ENDMOD        ?C?ICALL

  -------         MODULE        ?C?UIDIV
  C:8E0FH         PUBLIC        ?C?UIDIV
  -------         ENDMOD        ?C?UIDIV

  -------         MODULE        ?C?ULDIV
  C:8EA0H         PUBLIC        ?C?ULDIV
  -------         ENDMOD        ?C?ULDIV

Program Size: data=186.7 xdata=986 code=49296
LINK/LOCATE RUN COMPLETE.  0 WARNING(S),  0 ERROR(S)
